    LOAD [     0.3s] PREFLIGHT stream=71e76bb9 state=LIVE host=Chriss-MacBook-Pro-3.local jvm=17.0.20 os=Mac OS X 26.5.2
    LOAD [     0.3s] CONFIG n=25 hold=300s ramp=5/s drain=10/s idle=120s chatting=25 chat_every=30s tokens=shared expected_rps=9.79 sdk=0.1.0-SNAPSHOT
    LOAD [     0.3s] PHASE ramp
    LOAD [     0.5s] SESSION 0 snapshot stream=LIVE user=BR Staging Test chats=20 polls=7 room=1
    LOAD [     5.3s] SAMPLE phase=ramp active=24 reconnecting=0 failed=0 rps60=1.8/9.8 non2xx=0.0% poll_p95=371ms heap=51MB rss=161MB chat_sent=1 delivered=0 dup=0
    LOAD [     5.4s] RAMP done started=25 failed=0
    LOAD [     5.5s] PRESENCE[ramp_end] viewers_list=1 info_viewers=0 info_visitors=0 info_state=LIVE
    LOAD [     5.5s] PHASE hold
    LOAD [    35.4s] SAMPLE phase=hold active=25 reconnecting=0 failed=0 rps60=6.4/9.8 non2xx=0.0% poll_p95=328ms heap=133MB rss=104MB chat_sent=26 delivered=355 dup=48
    LOAD [    65.5s] SAMPLE phase=hold active=25 reconnecting=0 failed=0 rps60=9.6/9.8 non2xx=0.0% poll_p95=300ms heap=213MB rss=138MB chat_sent=51 delivered=364 dup=48
    LOAD [    95.6s] SAMPLE phase=hold active=25 reconnecting=0 failed=0 rps60=9.6/9.8 non2xx=0.0% poll_p95=270ms heap=81MB rss=151MB chat_sent=76 delivered=715 dup=120
    LOAD [   125.7s] SAMPLE phase=hold active=25 reconnecting=0 failed=0 rps60=10.0/9.8 non2xx=0.0% poll_p95=309ms heap=161MB rss=231MB chat_sent=101 delivered=715 dup=120
    LOAD [   155.8s] SAMPLE phase=hold active=25 reconnecting=0 failed=0 rps60=10.0/9.8 non2xx=0.0% poll_p95=364ms heap=27MB rss=335MB chat_sent=126 delivered=1075 dup=144
    LOAD [   156.1s] PRESENCE[hold_mid] viewers_list=1 info_viewers=0 info_visitors=0 info_state=LIVE
    LOAD [   185.8s] SAMPLE phase=hold active=25 reconnecting=0 failed=0 rps60=9.6/9.8 non2xx=0.0% poll_p95=362ms heap=109MB rss=150MB chat_sent=151 delivered=1075 dup=144
    LOAD [   215.9s] SAMPLE phase=hold active=25 reconnecting=0 failed=0 rps60=9.6/9.8 non2xx=0.0% poll_p95=362ms heap=191MB rss=183MB chat_sent=176 delivered=1435 dup=168
    LOAD [   246.0s] SAMPLE phase=hold active=25 reconnecting=0 failed=0 rps60=10.0/9.8 non2xx=0.0% poll_p95=362ms heap=55MB rss=209MB chat_sent=201 delivered=1435 dup=168
    LOAD [   276.1s] SAMPLE phase=hold active=25 reconnecting=0 failed=0 rps60=10.0/9.8 non2xx=0.0% poll_p95=361ms heap=137MB rss=111MB chat_sent=226 delivered=1782 dup=192
    LOAD [   305.7s] PRESENCE[hold_end] viewers_list=1 info_viewers=0 info_visitors=0 info_state=LIVE
    LOAD [   305.7s] PHASE drain
    LOAD [   306.2s] SAMPLE phase=drain active=20 reconnecting=0 failed=0 rps60=9.6/9.8 non2xx=0.0% poll_p95=375ms heap=18MB rss=122MB chat_sent=251 delivered=1794 dup=192
    LOAD [   308.3s] DRAIN done stopped=25
    LOAD [   308.3s] PHASE idle
    LOAD [   336.3s] SAMPLE phase=idle active=0 reconnecting=0 failed=0 rps60=5.5/9.8 non2xx=0.0% poll_p95=380ms heap=24MB rss=39MB chat_sent=251 delivered=1794 dup=192
    LOAD [   366.4s] SAMPLE phase=idle active=0 reconnecting=0 failed=0 rps60=0.4/9.8 non2xx=0.0% poll_p95=15ms heap=24MB rss=84MB chat_sent=251 delivered=1794 dup=192
    LOAD [   396.6s] SAMPLE phase=idle active=0 reconnecting=0 failed=0 rps60=0.0/9.8 non2xx=0.0% poll_p95=0ms heap=25MB rss=61MB chat_sent=251 delivered=1794 dup=192
    LOAD [   426.6s] SAMPLE phase=idle active=0 reconnecting=0 failed=0 rps60=0.0/9.8 non2xx=0.0% poll_p95=0ms heap=25MB rss=186MB chat_sent=251 delivered=1794 dup=192
    LOAD [   428.3s] IDLE done sdk_requests_during_idle=0
    LOAD [   428.4s] PRESENCE[idle_end] viewers_list=1 info_viewers=0 info_visitors=0 info_state=LIVE
    LOAD [   428.5s] DONE requests=3071 statuses={200=3069, 0=2} stop_rule=none
BUILD SUCCESSFUL in 7m 11s
