--------- beginning of main
09-18 16:37:00.084 I/HotMicCore(10537): Request finished: POST /streams/71e76bb9-de2b-4bb9-ad8d-533b15b1387e/session/ status=200 ms=1509
09-18 16:37:00.259 I/HotMicCore(10537): Request finished: POST /presence status=200 ms=98
09-18 16:37:00.401 I/HotMicCore(10537): Request finished: GET /streams/71e76bb9-de2b-4bb9-ad8d-533b15b1387e/viewers status=200 ms=232
09-18 16:37:00.436 I/HotMicCore(10537): Request finished: GET /streams/71e76bb9-de2b-4bb9-ad8d-533b15b1387e/feed/ status=200 ms=268
09-18 16:37:03.878 I/HotMicCore(10537): Request finished: GET /streams/71e76bb9-de2b-4bb9-ad8d-533b15b1387e/poll-data status=200 ms=422
09-18 16:37:06.818 I/HotMicCore(10537): Request finished: GET /streams/71e76bb9-de2b-4bb9-ad8d-533b15b1387e/poll-data status=200 ms=358
09-18 16:37:09.989 I/HotMicCore(10537): Request finished: GET /streams/71e76bb9-de2b-4bb9-ad8d-533b15b1387e/poll-data status=200 ms=526
09-18 16:37:12.820 I/HotMicCore(10537): Request finished: GET /streams/71e76bb9-de2b-4bb9-ad8d-533b15b1387e/poll-data status=200 ms=351
09-18 16:37:15.856 I/HotMicCore(10537): Request finished: GET /streams/71e76bb9-de2b-4bb9-ad8d-533b15b1387e/poll-data status=200 ms=383
09-18 16:37:18.873 I/HotMicCore(10537): Request finished: GET /streams/71e76bb9-de2b-4bb9-ad8d-533b15b1387e/poll-data status=200 ms=399
09-18 16:37:21.862 I/HotMicCore(10537): Request finished: GET /streams/71e76bb9-de2b-4bb9-ad8d-533b15b1387e/poll-data status=200 ms=386
09-18 16:37:24.857 I/HotMicCore(10537): Request finished: GET /streams/71e76bb9-de2b-4bb9-ad8d-533b15b1387e/poll-data status=200 ms=380
09-18 16:37:27.854 I/HotMicCore(10537): Request finished: GET /streams/71e76bb9-de2b-4bb9-ad8d-533b15b1387e/poll-data status=200 ms=375
09-18 16:37:30.927 I/HotMicCore(10537): Request finished: GET /streams/71e76bb9-de2b-4bb9-ad8d-533b15b1387e/poll-data status=200 ms=444
09-18 16:37:33.846 I/HotMicCore(10537): Request finished: GET /streams/71e76bb9-de2b-4bb9-ad8d-533b15b1387e/poll-data status=200 ms=359
09-18 16:37:36.878 I/HotMicCore(10537): Request finished: GET /streams/71e76bb9-de2b-4bb9-ad8d-533b15b1387e/poll-data status=200 ms=388
09-18 16:37:39.909 I/HotMicCore(10537): Request finished: GET /streams/71e76bb9-de2b-4bb9-ad8d-533b15b1387e/poll-data status=200 ms=418
09-18 16:37:43.011 I/HotMicCore(10537): Request finished: GET /streams/71e76bb9-de2b-4bb9-ad8d-533b15b1387e/poll-data status=200 ms=517
09-18 16:37:45.887 I/HotMicCore(10537): Request finished: GET /streams/71e76bb9-de2b-4bb9-ad8d-533b15b1387e/poll-data status=200 ms=389
09-18 16:37:49.047 I/HotMicCore(10537): Request finished: GET /streams/71e76bb9-de2b-4bb9-ad8d-533b15b1387e/poll-data status=200 ms=546
09-18 16:37:51.890 I/HotMicCore(10537): Request finished: GET /streams/71e76bb9-de2b-4bb9-ad8d-533b15b1387e/poll-data status=200 ms=383
09-18 16:37:54.870 I/HotMicCore(10537): Request finished: GET /streams/71e76bb9-de2b-4bb9-ad8d-533b15b1387e/poll-data status=200 ms=362
09-18 16:37:57.902 I/HotMicCore(10537): Request finished: GET /streams/71e76bb9-de2b-4bb9-ad8d-533b15b1387e/poll-data status=200 ms=383
09-18 16:38:00.210 I/HotMicCore(10537): Request finished: POST /presence status=200 ms=50
09-18 16:38:01.010 I/HotMicCore(10537): Request finished: GET /streams/71e76bb9-de2b-4bb9-ad8d-533b15b1387e/poll-data status=200 ms=486
09-18 16:38:03.928 I/HotMicCore(10537): Request finished: GET /streams/71e76bb9-de2b-4bb9-ad8d-533b15b1387e/poll-data status=200 ms=402
09-18 16:38:06.927 I/HotMicCore(10537): Request finished: GET /streams/71e76bb9-de2b-4bb9-ad8d-533b15b1387e/poll-data status=200 ms=399
09-18 16:38:09.905 I/HotMicCore(10537): Request finished: GET /streams/71e76bb9-de2b-4bb9-ad8d-533b15b1387e/poll-data status=200 ms=374
09-18 16:38:12.953 I/HotMicCore(10537): Request finished: GET /streams/71e76bb9-de2b-4bb9-ad8d-533b15b1387e/poll-data status=200 ms=418
09-18 16:38:15.973 I/HotMicCore(10537): Request finished: GET /streams/71e76bb9-de2b-4bb9-ad8d-533b15b1387e/poll-data status=200 ms=437
09-18 16:38:18.947 I/HotMicCore(10537): Request finished: GET /streams/71e76bb9-de2b-4bb9-ad8d-533b15b1387e/poll-data status=200 ms=405
09-18 16:38:21.925 I/HotMicCore(10537): Request finished: GET /streams/71e76bb9-de2b-4bb9-ad8d-533b15b1387e/poll-data status=200 ms=376
09-18 16:38:24.923 I/HotMicCore(10537): Request finished: GET /streams/71e76bb9-de2b-4bb9-ad8d-533b15b1387e/poll-data status=200 ms=368
09-18 16:38:27.947 I/HotMicCore(10537): Request finished: GET /streams/71e76bb9-de2b-4bb9-ad8d-533b15b1387e/poll-data status=200 ms=390
09-18 16:38:30.915 I/HotMicCore(10537): Request finished: GET /streams/71e76bb9-de2b-4bb9-ad8d-533b15b1387e/poll-data status=200 ms=356
09-18 16:38:33.955 I/HotMicCore(10537): Request finished: GET /streams/71e76bb9-de2b-4bb9-ad8d-533b15b1387e/poll-data status=200 ms=394
09-18 16:38:36.968 I/HotMicCore(10537): Request finished: GET /streams/71e76bb9-de2b-4bb9-ad8d-533b15b1387e/poll-data status=200 ms=406
09-18 16:38:39.956 I/HotMicCore(10537): Request finished: GET /streams/71e76bb9-de2b-4bb9-ad8d-533b15b1387e/poll-data status=200 ms=388
09-18 16:38:42.973 I/HotMicCore(10537): Request finished: GET /streams/71e76bb9-de2b-4bb9-ad8d-533b15b1387e/poll-data status=200 ms=404
09-18 16:38:45.931 I/HotMicCore(10537): Request finished: GET /streams/71e76bb9-de2b-4bb9-ad8d-533b15b1387e/poll-data status=200 ms=356
09-18 16:38:48.964 I/HotMicCore(10537): Request finished: GET /streams/71e76bb9-de2b-4bb9-ad8d-533b15b1387e/poll-data status=200 ms=387
09-18 16:38:51.988 I/HotMicCore(10537): Request finished: GET /streams/71e76bb9-de2b-4bb9-ad8d-533b15b1387e/poll-data status=200 ms=409
09-18 16:38:54.987 I/HotMicCore(10537): Request finished: GET /streams/71e76bb9-de2b-4bb9-ad8d-533b15b1387e/poll-data status=200 ms=406
09-18 16:38:57.967 I/HotMicCore(10537): Request finished: GET /streams/71e76bb9-de2b-4bb9-ad8d-533b15b1387e/poll-data status=200 ms=383
09-18 16:39:00.239 I/HotMicCore(10537): Request finished: POST /presence status=401 ms=73
09-18 16:39:00.239 E/HotMicCore(10537): Authorization lost (presence returned 401); session failed
09-18 16:39:00.245 D/HotMicCore(10537): Request cancelled: GET /streams/71e76bb9-de2b-4bb9-ad8d-533b15b1387e/viewers
09-18 16:40:30.576 I/HotMicCore(10537): Request finished: POST /streams/71e76bb9-de2b-4bb9-ad8d-533b15b1387e/end_session/ status=401 ms=50
