--------- beginning of main
09-18 16:40:31.575 I/HotMicCore(10794): Request finished: POST /streams/71e76bb9-de2b-4bb9-ad8d-533b15b1387e/session/ status=200 ms=294
09-18 16:40:31.670 I/HotMicCore(10794): Request finished: POST /presence status=200 ms=81
09-18 16:40:31.681 I/HotMicCore(10794): Request finished: GET /streams/71e76bb9-de2b-4bb9-ad8d-533b15b1387e/viewers status=200 ms=89
09-18 16:40:31.681 I/HotMicCore(10794): Request finished: GET /streams/71e76bb9-de2b-4bb9-ad8d-533b15b1387e/feed/ status=200 ms=90
09-18 16:40:35.167 I/HotMicCore(10794): Request finished: GET /streams/71e76bb9-de2b-4bb9-ad8d-533b15b1387e/poll-data status=200 ms=461
09-18 16:40:38.092 I/HotMicCore(10794): Request finished: GET /streams/71e76bb9-de2b-4bb9-ad8d-533b15b1387e/poll-data status=200 ms=380
09-18 16:40:41.080 I/HotMicCore(10794): Request finished: GET /streams/71e76bb9-de2b-4bb9-ad8d-533b15b1387e/poll-data status=200 ms=366
09-18 16:40:44.094 I/HotMicCore(10794): Request finished: GET /streams/71e76bb9-de2b-4bb9-ad8d-533b15b1387e/poll-data status=200 ms=376
09-18 16:40:47.102 I/HotMicCore(10794): Request finished: GET /streams/71e76bb9-de2b-4bb9-ad8d-533b15b1387e/poll-data status=200 ms=380
09-18 16:40:50.103 I/HotMicCore(10794): Request finished: GET /streams/71e76bb9-de2b-4bb9-ad8d-533b15b1387e/poll-data status=200 ms=379
09-18 16:40:51.833 I/HotMicCore(10794): Request finished: POST /chats/71e76bb9-de2b-4bb9-ad8d-533b15b1387e/messages status=200 ms=99
09-18 16:40:53.154 I/HotMicCore(10794): Request finished: GET /streams/71e76bb9-de2b-4bb9-ad8d-533b15b1387e/poll-data status=200 ms=428
09-18 16:40:56.107 I/HotMicCore(10794): Request finished: GET /streams/71e76bb9-de2b-4bb9-ad8d-533b15b1387e/poll-data status=200 ms=377
09-18 16:40:59.114 I/HotMicCore(10794): Request finished: GET /streams/71e76bb9-de2b-4bb9-ad8d-533b15b1387e/poll-data status=200 ms=382
09-18 16:41:02.146 I/HotMicCore(10794): Request finished: GET /streams/71e76bb9-de2b-4bb9-ad8d-533b15b1387e/poll-data status=200 ms=411
09-18 16:41:05.123 I/HotMicCore(10794): Request finished: GET /streams/71e76bb9-de2b-4bb9-ad8d-533b15b1387e/poll-data status=200 ms=386
09-18 16:41:08.180 I/HotMicCore(10794): Request finished: GET /streams/71e76bb9-de2b-4bb9-ad8d-533b15b1387e/poll-data status=200 ms=440
09-18 16:41:11.125 I/HotMicCore(10794): Request finished: GET /streams/71e76bb9-de2b-4bb9-ad8d-533b15b1387e/poll-data status=200 ms=381
09-18 16:41:11.933 I/HotMicCore(10794): Request finished: POST /chats/71e76bb9-de2b-4bb9-ad8d-533b15b1387e/messages status=200 ms=72
09-18 16:41:14.163 I/HotMicCore(10794): Request finished: GET /streams/71e76bb9-de2b-4bb9-ad8d-533b15b1387e/poll-data status=200 ms=414
09-18 16:41:17.140 I/HotMicCore(10794): Request finished: GET /streams/71e76bb9-de2b-4bb9-ad8d-533b15b1387e/poll-data status=200 ms=385
09-18 16:41:20.125 I/HotMicCore(10794): Request finished: GET /streams/71e76bb9-de2b-4bb9-ad8d-533b15b1387e/poll-data status=200 ms=366
09-18 16:41:23.153 I/HotMicCore(10794): Request finished: GET /streams/71e76bb9-de2b-4bb9-ad8d-533b15b1387e/poll-data status=200 ms=393
09-18 16:41:26.155 I/HotMicCore(10794): Request finished: GET /streams/71e76bb9-de2b-4bb9-ad8d-533b15b1387e/poll-data status=200 ms=394
09-18 16:41:29.144 I/HotMicCore(10794): Request finished: GET /streams/71e76bb9-de2b-4bb9-ad8d-533b15b1387e/poll-data status=200 ms=380
09-18 16:41:31.649 I/HotMicCore(10794): Request finished: POST /presence status=200 ms=55
09-18 16:41:32.031 I/HotMicCore(10794): Request finished: POST /chats/71e76bb9-de2b-4bb9-ad8d-533b15b1387e/messages status=200 ms=71
09-18 16:41:32.188 I/HotMicCore(10794): Request finished: GET /streams/71e76bb9-de2b-4bb9-ad8d-533b15b1387e/poll-data status=200 ms=420
09-18 16:41:35.168 I/HotMicCore(10794): Request finished: GET /streams/71e76bb9-de2b-4bb9-ad8d-533b15b1387e/poll-data status=200 ms=393
09-18 16:41:38.171 I/HotMicCore(10794): Request finished: GET /streams/71e76bb9-de2b-4bb9-ad8d-533b15b1387e/poll-data status=200 ms=393
09-18 16:41:41.158 I/HotMicCore(10794): Request finished: GET /streams/71e76bb9-de2b-4bb9-ad8d-533b15b1387e/poll-data status=200 ms=378
09-18 16:41:44.140 I/HotMicCore(10794): Request finished: GET /streams/71e76bb9-de2b-4bb9-ad8d-533b15b1387e/poll-data status=200 ms=356
09-18 16:41:47.170 I/HotMicCore(10794): Request finished: GET /streams/71e76bb9-de2b-4bb9-ad8d-533b15b1387e/poll-data status=200 ms=382
09-18 16:41:50.162 I/HotMicCore(10794): Request finished: GET /streams/71e76bb9-de2b-4bb9-ad8d-533b15b1387e/poll-data status=200 ms=371
09-18 16:41:52.131 I/HotMicCore(10794): Request finished: POST /chats/71e76bb9-de2b-4bb9-ad8d-533b15b1387e/messages status=200 ms=74
09-18 16:41:53.180 I/HotMicCore(10794): Request finished: GET /streams/71e76bb9-de2b-4bb9-ad8d-533b15b1387e/poll-data status=200 ms=385
09-18 16:41:56.176 I/HotMicCore(10794): Request finished: GET /streams/71e76bb9-de2b-4bb9-ad8d-533b15b1387e/poll-data status=200 ms=378
09-18 16:41:59.198 I/HotMicCore(10794): Request finished: GET /streams/71e76bb9-de2b-4bb9-ad8d-533b15b1387e/poll-data status=200 ms=394
09-18 16:42:02.275 I/HotMicCore(10794): Request finished: GET /streams/71e76bb9-de2b-4bb9-ad8d-533b15b1387e/poll-data status=200 ms=468
09-18 16:42:05.196 I/HotMicCore(10794): Request finished: GET /streams/71e76bb9-de2b-4bb9-ad8d-533b15b1387e/poll-data status=200 ms=386
09-18 16:42:08.206 I/HotMicCore(10794): Request finished: GET /streams/71e76bb9-de2b-4bb9-ad8d-533b15b1387e/poll-data status=200 ms=390
09-18 16:42:11.238 I/HotMicCore(10794): Request finished: GET /streams/71e76bb9-de2b-4bb9-ad8d-533b15b1387e/poll-data status=200 ms=418
09-18 16:42:12.231 I/HotMicCore(10794): Request finished: POST /chats/71e76bb9-de2b-4bb9-ad8d-533b15b1387e/messages status=200 ms=70
09-18 16:42:14.235 I/HotMicCore(10794): Request finished: GET /streams/71e76bb9-de2b-4bb9-ad8d-533b15b1387e/poll-data status=200 ms=414
09-18 16:42:17.230 I/HotMicCore(10794): Request finished: GET /streams/71e76bb9-de2b-4bb9-ad8d-533b15b1387e/poll-data status=200 ms=406
09-18 16:42:20.222 I/HotMicCore(10794): Request finished: GET /streams/71e76bb9-de2b-4bb9-ad8d-533b15b1387e/poll-data status=200 ms=394
09-18 16:42:23.236 I/HotMicCore(10794): Request finished: GET /streams/71e76bb9-de2b-4bb9-ad8d-533b15b1387e/poll-data status=200 ms=403
09-18 16:42:26.211 I/HotMicCore(10794): Request finished: GET /streams/71e76bb9-de2b-4bb9-ad8d-533b15b1387e/poll-data status=200 ms=376
09-18 16:42:29.239 I/HotMicCore(10794): Request finished: GET /streams/71e76bb9-de2b-4bb9-ad8d-533b15b1387e/poll-data status=200 ms=397
09-18 16:42:31.643 I/HotMicCore(10794): Request finished: POST /presence status=200 ms=48
09-18 16:42:31.650 I/HotMicCore(10794): Request finished: GET /streams/71e76bb9-de2b-4bb9-ad8d-533b15b1387e/viewers status=200 ms=58
09-18 16:42:32.204 I/HotMicCore(10794): Request finished: GET /streams/71e76bb9-de2b-4bb9-ad8d-533b15b1387e/poll-data status=200 ms=360
09-18 16:42:32.340 I/HotMicCore(10794): Request finished: POST /chats/71e76bb9-de2b-4bb9-ad8d-533b15b1387e/messages status=200 ms=77
09-18 16:42:35.278 I/HotMicCore(10794): Request finished: GET /streams/71e76bb9-de2b-4bb9-ad8d-533b15b1387e/poll-data status=200 ms=429
09-18 16:42:38.236 I/HotMicCore(10794): Request finished: GET /streams/71e76bb9-de2b-4bb9-ad8d-533b15b1387e/poll-data status=200 ms=386
09-18 16:42:41.253 I/HotMicCore(10794): Request finished: GET /streams/71e76bb9-de2b-4bb9-ad8d-533b15b1387e/poll-data status=200 ms=397
09-18 16:42:44.483 I/HotMicCore(10794): Request finished: GET /streams/71e76bb9-de2b-4bb9-ad8d-533b15b1387e/poll-data status=200 ms=624
09-18 16:42:47.315 I/HotMicCore(10794): Request finished: GET /streams/71e76bb9-de2b-4bb9-ad8d-533b15b1387e/poll-data status=200 ms=448
09-18 16:42:50.296 I/HotMicCore(10794): Request finished: GET /streams/71e76bb9-de2b-4bb9-ad8d-533b15b1387e/poll-data status=200 ms=425
09-18 16:42:52.443 I/HotMicCore(10794): Request finished: POST /chats/71e76bb9-de2b-4bb9-ad8d-533b15b1387e/messages status=200 ms=74
09-18 16:42:53.434 I/HotMicCore(10794): Request finished: GET /streams/71e76bb9-de2b-4bb9-ad8d-533b15b1387e/poll-data status=200 ms=561
09-18 16:42:56.263 I/HotMicCore(10794): Request finished: GET /streams/71e76bb9-de2b-4bb9-ad8d-533b15b1387e/poll-data status=200 ms=386
09-18 16:42:59.239 I/HotMicCore(10794): Request finished: GET /streams/71e76bb9-de2b-4bb9-ad8d-533b15b1387e/poll-data status=200 ms=360
09-18 16:43:02.277 I/HotMicCore(10794): Request finished: GET /streams/71e76bb9-de2b-4bb9-ad8d-533b15b1387e/poll-data status=200 ms=393
09-18 16:43:05.284 I/HotMicCore(10794): Request finished: GET /streams/71e76bb9-de2b-4bb9-ad8d-533b15b1387e/poll-data status=200 ms=393
09-18 16:43:08.314 I/HotMicCore(10794): Request finished: GET /streams/71e76bb9-de2b-4bb9-ad8d-533b15b1387e/poll-data status=200 ms=422
09-18 16:43:11.314 I/HotMicCore(10794): Request finished: GET /streams/71e76bb9-de2b-4bb9-ad8d-533b15b1387e/poll-data status=200 ms=420
09-18 16:43:12.539 I/HotMicCore(10794): Request finished: POST /chats/71e76bb9-de2b-4bb9-ad8d-533b15b1387e/messages status=200 ms=71
09-18 16:43:14.360 I/HotMicCore(10794): Request finished: GET /streams/71e76bb9-de2b-4bb9-ad8d-533b15b1387e/poll-data status=200 ms=463
09-18 16:43:17.331 I/HotMicCore(10794): Request finished: GET /streams/71e76bb9-de2b-4bb9-ad8d-533b15b1387e/poll-data status=200 ms=427
09-18 16:43:20.334 I/HotMicCore(10794): Request finished: GET /streams/71e76bb9-de2b-4bb9-ad8d-533b15b1387e/poll-data status=200 ms=426
09-18 16:43:23.299 I/HotMicCore(10794): Request finished: GET /streams/71e76bb9-de2b-4bb9-ad8d-533b15b1387e/poll-data status=200 ms=388
09-18 16:43:26.354 I/HotMicCore(10794): Request finished: GET /streams/71e76bb9-de2b-4bb9-ad8d-533b15b1387e/poll-data status=200 ms=437
09-18 16:43:29.293 I/HotMicCore(10794): Request finished: GET /streams/71e76bb9-de2b-4bb9-ad8d-533b15b1387e/poll-data status=200 ms=370
09-18 16:43:31.658 I/HotMicCore(10794): Request finished: POST /presence status=200 ms=56
09-18 16:43:32.312 I/HotMicCore(10794): Request finished: GET /streams/71e76bb9-de2b-4bb9-ad8d-533b15b1387e/poll-data status=200 ms=386
09-18 16:43:32.633 I/HotMicCore(10794): Request finished: POST /chats/71e76bb9-de2b-4bb9-ad8d-533b15b1387e/messages status=200 ms=70
09-18 16:43:35.404 I/HotMicCore(10794): Request finished: GET /streams/71e76bb9-de2b-4bb9-ad8d-533b15b1387e/poll-data status=200 ms=471
09-18 16:43:38.300 I/HotMicCore(10794): Request finished: GET /streams/71e76bb9-de2b-4bb9-ad8d-533b15b1387e/poll-data status=200 ms=364
09-18 16:43:41.321 I/HotMicCore(10794): Request finished: GET /streams/71e76bb9-de2b-4bb9-ad8d-533b15b1387e/poll-data status=200 ms=383
09-18 16:43:44.342 I/HotMicCore(10794): Request finished: GET /streams/71e76bb9-de2b-4bb9-ad8d-533b15b1387e/poll-data status=200 ms=398
09-18 16:43:47.320 I/HotMicCore(10794): Request finished: GET /streams/71e76bb9-de2b-4bb9-ad8d-533b15b1387e/poll-data status=200 ms=371
09-18 16:43:50.467 I/HotMicCore(10794): Request finished: GET /streams/71e76bb9-de2b-4bb9-ad8d-533b15b1387e/poll-data status=200 ms=513
09-18 16:43:52.738 I/HotMicCore(10794): Request finished: POST /chats/71e76bb9-de2b-4bb9-ad8d-533b15b1387e/messages status=200 ms=75
09-18 16:43:52.788 I/HotMicCore(10794): Request finished: POST /streams/71e76bb9-de2b-4bb9-ad8d-533b15b1387e/end_session/ status=200 ms=45
