--------- beginning of main
09-18 16:43:54.765 I/HotMicCore(11035): Request finished: POST /streams/71e76bb9-de2b-4bb9-ad8d-533b15b1387e/session/ status=200 ms=1218
09-18 16:43:54.818 I/HotMicCore(11035): Request finished: POST /presence status=200 ms=43
09-18 16:43:54.835 I/HotMicCore(11035): Request finished: GET /streams/71e76bb9-de2b-4bb9-ad8d-533b15b1387e/viewers status=200 ms=57
09-18 16:43:54.849 I/HotMicCore(11035): Request finished: GET /streams/71e76bb9-de2b-4bb9-ad8d-533b15b1387e/feed/ status=200 ms=72
09-18 16:43:58.274 I/HotMicCore(11035): Request finished: GET /streams/71e76bb9-de2b-4bb9-ad8d-533b15b1387e/poll-data status=200 ms=409
09-18 16:44:01.294 I/HotMicCore(11035): Request finished: GET /streams/71e76bb9-de2b-4bb9-ad8d-533b15b1387e/poll-data status=200 ms=425
09-18 16:44:04.260 I/HotMicCore(11035): Request finished: GET /streams/71e76bb9-de2b-4bb9-ad8d-533b15b1387e/poll-data status=200 ms=383
09-18 16:44:07.259 I/HotMicCore(11035): Request finished: GET /streams/71e76bb9-de2b-4bb9-ad8d-533b15b1387e/poll-data status=200 ms=379
09-18 16:44:10.441 I/HotMicCore(11035): Request finished: GET /streams/71e76bb9-de2b-4bb9-ad8d-533b15b1387e/poll-data status=200 ms=559
09-18 16:44:13.263 I/HotMicCore(11035): Request finished: GET /streams/71e76bb9-de2b-4bb9-ad8d-533b15b1387e/poll-data status=200 ms=379
09-18 16:44:16.303 I/HotMicCore(11035): Request finished: GET /streams/71e76bb9-de2b-4bb9-ad8d-533b15b1387e/poll-data status=200 ms=411
09-18 16:44:19.268 I/HotMicCore(11035): Request finished: GET /streams/71e76bb9-de2b-4bb9-ad8d-533b15b1387e/poll-data status=200 ms=372
09-18 16:44:22.287 I/HotMicCore(11035): Request finished: GET /streams/71e76bb9-de2b-4bb9-ad8d-533b15b1387e/poll-data status=200 ms=389
09-18 16:44:25.384 I/HotMicCore(11035): Request finished: GET /streams/71e76bb9-de2b-4bb9-ad8d-533b15b1387e/poll-data status=200 ms=486
09-18 16:44:28.265 I/HotMicCore(11035): Request finished: GET /streams/71e76bb9-de2b-4bb9-ad8d-533b15b1387e/poll-data status=200 ms=364
09-18 16:44:31.312 I/HotMicCore(11035): Request finished: GET /streams/71e76bb9-de2b-4bb9-ad8d-533b15b1387e/poll-data status=200 ms=409
09-18 16:44:34.350 I/HotMicCore(11035): Request finished: GET /streams/71e76bb9-de2b-4bb9-ad8d-533b15b1387e/poll-data status=200 ms=444
09-18 16:44:37.438 I/HotMicCore(11035): Request finished: GET /streams/71e76bb9-de2b-4bb9-ad8d-533b15b1387e/poll-data status=200 ms=531
09-18 16:44:40.381 I/HotMicCore(11035): Request finished: GET /streams/71e76bb9-de2b-4bb9-ad8d-533b15b1387e/poll-data status=200 ms=472
09-18 16:44:43.321 I/HotMicCore(11035): Request finished: GET /streams/71e76bb9-de2b-4bb9-ad8d-533b15b1387e/poll-data status=200 ms=409
09-18 16:44:46.323 I/HotMicCore(11035): Request finished: GET /streams/71e76bb9-de2b-4bb9-ad8d-533b15b1387e/poll-data status=200 ms=409
09-18 16:44:49.363 I/HotMicCore(11035): Request finished: GET /streams/71e76bb9-de2b-4bb9-ad8d-533b15b1387e/poll-data status=200 ms=444
09-18 16:44:52.305 I/HotMicCore(11035): Request finished: GET /streams/71e76bb9-de2b-4bb9-ad8d-533b15b1387e/poll-data status=200 ms=385
09-18 16:44:54.826 I/HotMicCore(11035): Request finished: POST /presence status=200 ms=50
09-18 16:44:55.308 I/HotMicCore(11035): Request finished: GET /streams/71e76bb9-de2b-4bb9-ad8d-533b15b1387e/poll-data status=200 ms=382
09-18 16:44:58.314 I/HotMicCore(11035): Request finished: GET /streams/71e76bb9-de2b-4bb9-ad8d-533b15b1387e/poll-data status=200 ms=384
09-18 16:45:01.338 I/HotMicCore(11035): Request finished: GET /streams/71e76bb9-de2b-4bb9-ad8d-533b15b1387e/poll-data status=200 ms=406
09-18 16:45:04.320 I/HotMicCore(11035): Request finished: GET /streams/71e76bb9-de2b-4bb9-ad8d-533b15b1387e/poll-data status=200 ms=385
09-18 16:45:07.338 I/HotMicCore(11035): Request finished: GET /streams/71e76bb9-de2b-4bb9-ad8d-533b15b1387e/poll-data status=200 ms=400
09-18 16:45:10.311 I/HotMicCore(11035): Request finished: GET /streams/71e76bb9-de2b-4bb9-ad8d-533b15b1387e/poll-data status=200 ms=369
09-18 16:45:13.301 I/HotMicCore(11035): Request finished: GET /streams/71e76bb9-de2b-4bb9-ad8d-533b15b1387e/poll-data status=200 ms=355
09-18 16:45:16.361 I/HotMicCore(11035): Request finished: GET /streams/71e76bb9-de2b-4bb9-ad8d-533b15b1387e/poll-data status=200 ms=410
09-18 16:45:19.329 I/HotMicCore(11035): Request finished: GET /streams/71e76bb9-de2b-4bb9-ad8d-533b15b1387e/poll-data status=200 ms=376
09-18 16:45:22.335 I/HotMicCore(11035): Request finished: GET /streams/71e76bb9-de2b-4bb9-ad8d-533b15b1387e/poll-data status=200 ms=379
09-18 16:45:25.403 I/HotMicCore(11035): Request finished: GET /streams/71e76bb9-de2b-4bb9-ad8d-533b15b1387e/poll-data status=200 ms=436
09-18 16:45:28.381 I/HotMicCore(11035): Request finished: GET /streams/71e76bb9-de2b-4bb9-ad8d-533b15b1387e/poll-data status=200 ms=411
09-18 16:45:31.357 I/HotMicCore(11035): Request finished: GET /streams/71e76bb9-de2b-4bb9-ad8d-533b15b1387e/poll-data status=200 ms=383
09-18 16:45:34.378 I/HotMicCore(11035): Request finished: GET /streams/71e76bb9-de2b-4bb9-ad8d-533b15b1387e/poll-data status=200 ms=400
09-18 16:45:37.352 I/HotMicCore(11035): Request finished: GET /streams/71e76bb9-de2b-4bb9-ad8d-533b15b1387e/poll-data status=200 ms=368
09-18 16:45:40.441 I/HotMicCore(11035): Request finished: GET /streams/71e76bb9-de2b-4bb9-ad8d-533b15b1387e/poll-data status=200 ms=452
09-18 16:45:43.381 I/HotMicCore(11035): Request finished: GET /streams/71e76bb9-de2b-4bb9-ad8d-533b15b1387e/poll-data status=200 ms=390
09-18 16:45:46.402 I/HotMicCore(11035): Request finished: GET /streams/71e76bb9-de2b-4bb9-ad8d-533b15b1387e/poll-data status=200 ms=408
09-18 16:45:49.385 I/HotMicCore(11035): Request finished: GET /streams/71e76bb9-de2b-4bb9-ad8d-533b15b1387e/poll-data status=200 ms=388
09-18 16:45:52.367 I/HotMicCore(11035): Request finished: GET /streams/71e76bb9-de2b-4bb9-ad8d-533b15b1387e/poll-data status=200 ms=366
09-18 16:45:54.825 I/HotMicCore(11035): Request finished: POST /presence status=200 ms=45
09-18 16:45:54.834 I/HotMicCore(11035): Request finished: GET /streams/71e76bb9-de2b-4bb9-ad8d-533b15b1387e/viewers status=200 ms=56
09-18 16:45:55.046 I/HotMicCore(11035): Request finished: POST /streams/71e76bb9-de2b-4bb9-ad8d-533b15b1387e/end_session/ status=200 ms=46
