--------- beginning of main
09-19 19:14:16.244 I/HEM96   (15985): AUTORUN start rows=HOLD
09-19 19:14:16.255 I/HEM96   (15985): ROW HOLD begin
09-19 19:14:17.968 I/HEM96   (15985): HOLD start_ms=1690 state=Active stream=LIVE user=BR Staging Test chats=20 polls=7 room=1
09-19 19:14:17.969 I/HEM96   (15985): HOLD EVENT 2026-09-20T02:14:17.969Z StateChanged(Active)
09-19 19:14:17.970 I/HEM96   (15985): HOLD EVENT 2026-09-20T02:14:17.970Z ConnectionChanged(Connected)
09-19 19:14:21.046 I/HEM96   (15985): HOLD EVENT 2026-09-20T02:14:21.045Z StreamUpdated(state=LIVE viewers=1)
09-19 19:14:21.048 I/HEM96   (15985): HOLD EVENT 2026-09-20T02:14:21.047Z PollUpdated(248f3162 closed=true responses=1 my=99fb675f)
09-19 19:14:21.049 I/HEM96   (15985): HOLD EVENT 2026-09-20T02:14:21.049Z PollUpdated(5d98220b closed=false responses=1 my=aa69e2fe)
09-19 19:14:21.050 I/HEM96   (15985): HOLD EVENT 2026-09-20T02:14:21.049Z PollUpdated(7e9b3c6d closed=false responses=1 my=53a2ea31)
09-19 19:14:21.051 I/HEM96   (15985): HOLD EVENT 2026-09-20T02:14:21.050Z PollUpdated(a3c5650a closed=false responses=1 my=564354fa)
09-19 19:14:27.986 I/HEM96   (15985): HOLD t=10s state=Active conn=Connected events=7 reconnecting=0 batches=0 chats=0 dup=0 streamUpdated=1 participants=0 polls=4 pss_kb=57682
09-19 19:14:37.996 I/HEM96   (15985): HOLD t=20s state=Active conn=Connected events=7 reconnecting=0 batches=0 chats=0 dup=0 streamUpdated=1 participants=0 polls=4 pss_kb=58479
09-19 19:14:48.007 I/HEM96   (15985): HOLD t=30s state=Active conn=Connected events=7 reconnecting=0 batches=0 chats=0 dup=0 streamUpdated=1 participants=0 polls=4 pss_kb=59207
09-19 19:14:58.014 I/HEM96   (15985): HOLD t=40s state=Active conn=Connected events=7 reconnecting=0 batches=0 chats=0 dup=0 streamUpdated=1 participants=0 polls=4 pss_kb=60211
09-19 19:15:08.022 I/HEM96   (15985): HOLD t=50s state=Active conn=Connected events=7 reconnecting=0 batches=0 chats=0 dup=0 streamUpdated=1 participants=0 polls=4 pss_kb=59562
09-19 19:15:18.030 I/HEM96   (15985): HOLD t=60s state=Active conn=Connected events=7 reconnecting=0 batches=0 chats=0 dup=0 streamUpdated=1 participants=0 polls=4 pss_kb=59978
09-19 19:15:28.038 I/HEM96   (15985): HOLD t=70s state=Active conn=Connected events=7 reconnecting=0 batches=0 chats=0 dup=0 streamUpdated=1 participants=0 polls=4 pss_kb=57038
09-19 19:15:38.047 I/HEM96   (15985): HOLD t=80s state=Active conn=Connected events=7 reconnecting=0 batches=0 chats=0 dup=0 streamUpdated=1 participants=0 polls=4 pss_kb=57782
09-19 19:15:48.065 I/HEM96   (15985): HOLD t=90s state=Active conn=Connected events=7 reconnecting=0 batches=0 chats=0 dup=0 streamUpdated=1 participants=0 polls=4 pss_kb=57890
09-19 19:15:58.077 I/HEM96   (15985): HOLD t=100s state=Active conn=Connected events=7 reconnecting=0 batches=0 chats=0 dup=0 streamUpdated=1 participants=0 polls=4 pss_kb=58870
09-19 19:16:08.089 I/HEM96   (15985): HOLD t=110s state=Active conn=Connected events=7 reconnecting=0 batches=0 chats=0 dup=0 streamUpdated=1 participants=0 polls=4 pss_kb=59602
09-19 19:16:18.096 I/HEM96   (15985): HOLD t=120s state=Active conn=Connected events=7 reconnecting=0 batches=0 chats=0 dup=0 streamUpdated=1 participants=0 polls=4 pss_kb=57490
09-19 19:16:28.107 I/HEM96   (15985): HOLD t=130s state=Active conn=Connected events=7 reconnecting=0 batches=0 chats=0 dup=0 streamUpdated=1 participants=0 polls=4 pss_kb=58478
09-19 19:16:38.116 I/HEM96   (15985): HOLD t=140s state=Active conn=Connected events=7 reconnecting=0 batches=0 chats=0 dup=0 streamUpdated=1 participants=0 polls=4 pss_kb=59206
09-19 19:16:48.129 I/HEM96   (15985): HOLD t=150s state=Active conn=Connected events=7 reconnecting=0 batches=0 chats=0 dup=0 streamUpdated=1 participants=0 polls=4 pss_kb=59942
09-19 19:16:58.146 I/HEM96   (15985): HOLD t=160s state=Active conn=Connected events=7 reconnecting=0 batches=0 chats=0 dup=0 streamUpdated=1 participants=0 polls=4 pss_kb=60914
09-19 19:17:08.162 I/HEM96   (15985): HOLD t=170s state=Active conn=Connected events=7 reconnecting=0 batches=0 chats=0 dup=0 streamUpdated=1 participants=0 polls=4 pss_kb=56226
09-19 19:17:18.175 I/HEM96   (15985): HOLD t=180s state=Active conn=Connected events=7 reconnecting=0 batches=0 chats=0 dup=0 streamUpdated=1 participants=0 polls=4 pss_kb=56882
09-19 19:17:28.189 I/HEM96   (15985): HOLD t=190s state=Active conn=Connected events=7 reconnecting=0 batches=0 chats=0 dup=0 streamUpdated=1 participants=0 polls=4 pss_kb=57846
09-19 19:17:38.205 I/HEM96   (15985): HOLD t=200s state=Active conn=Connected events=7 reconnecting=0 batches=0 chats=0 dup=0 streamUpdated=1 participants=0 polls=4 pss_kb=58594
09-19 19:17:48.219 I/HEM96   (15985): HOLD t=210s state=Active conn=Connected events=7 reconnecting=0 batches=0 chats=0 dup=0 streamUpdated=1 participants=0 polls=4 pss_kb=59402
09-19 19:17:58.228 I/HEM96   (15985): HOLD t=220s state=Active conn=Connected events=7 reconnecting=0 batches=0 chats=0 dup=0 streamUpdated=1 participants=0 polls=4 pss_kb=56346
09-19 19:18:08.244 I/HEM96   (15985): HOLD t=230s state=Active conn=Connected events=7 reconnecting=0 batches=0 chats=0 dup=0 streamUpdated=1 participants=0 polls=4 pss_kb=57094
09-19 19:18:18.254 I/HEM96   (15985): HOLD t=240s state=Active conn=Connected events=7 reconnecting=0 batches=0 chats=0 dup=0 streamUpdated=1 participants=0 polls=4 pss_kb=57982
09-19 19:18:28.272 I/HEM96   (15985): HOLD t=250s state=Active conn=Connected events=7 reconnecting=0 batches=0 chats=0 dup=0 streamUpdated=1 participants=0 polls=4 pss_kb=58946
09-19 19:18:38.289 I/HEM96   (15985): HOLD t=260s state=Active conn=Connected events=7 reconnecting=0 batches=0 chats=0 dup=0 streamUpdated=1 participants=0 polls=4 pss_kb=59678
09-19 19:18:48.305 I/HEM96   (15985): HOLD t=270s state=Active conn=Connected events=7 reconnecting=0 batches=0 chats=0 dup=0 streamUpdated=1 participants=0 polls=4 pss_kb=55874
09-19 19:18:58.318 I/HEM96   (15985): HOLD t=280s state=Active conn=Connected events=7 reconnecting=0 batches=0 chats=0 dup=0 streamUpdated=1 participants=0 polls=4 pss_kb=56862
09-19 19:19:08.330 I/HEM96   (15985): HOLD t=290s state=Active conn=Connected events=7 reconnecting=0 batches=0 chats=0 dup=0 streamUpdated=1 participants=0 polls=4 pss_kb=58870
09-19 19:19:18.350 I/HEM96   (15985): HOLD t=300s state=Active conn=Connected events=7 reconnecting=0 batches=0 chats=0 dup=0 streamUpdated=1 participants=0 polls=4 pss_kb=59426
09-19 19:19:28.374 I/HEM96   (15985): HOLD t=310s state=Active conn=Connected events=7 reconnecting=0 batches=0 chats=0 dup=0 streamUpdated=1 participants=0 polls=4 pss_kb=60442
09-19 19:19:38.386 I/HEM96   (15985): HOLD t=320s state=Active conn=Connected events=7 reconnecting=0 batches=0 chats=0 dup=0 streamUpdated=1 participants=0 polls=4 pss_kb=61158
09-19 19:19:48.405 I/HEM96   (15985): HOLD t=330s state=Active conn=Connected events=7 reconnecting=0 batches=0 chats=0 dup=0 streamUpdated=1 participants=0 polls=4 pss_kb=57694
09-19 19:19:58.415 I/HEM96   (15985): HOLD t=340s state=Active conn=Connected events=7 reconnecting=0 batches=0 chats=0 dup=0 streamUpdated=1 participants=0 polls=4 pss_kb=58666
09-19 19:20:08.434 I/HEM96   (15985): HOLD t=350s state=Active conn=Connected events=7 reconnecting=0 batches=0 chats=0 dup=0 streamUpdated=1 participants=0 polls=4 pss_kb=59402
09-19 19:20:18.456 I/HEM96   (15985): HOLD t=360s state=Active conn=Connected events=7 reconnecting=0 batches=0 chats=0 dup=0 streamUpdated=1 participants=0 polls=4 pss_kb=60294
09-19 19:20:28.473 I/HEM96   (15985): HOLD t=370s state=Active conn=Connected events=7 reconnecting=0 batches=0 chats=0 dup=0 streamUpdated=1 participants=0 polls=4 pss_kb=61326
09-19 19:20:38.493 I/HEM96   (15985): HOLD t=380s state=Active conn=Connected events=7 reconnecting=0 batches=0 chats=0 dup=0 streamUpdated=1 participants=0 polls=4 pss_kb=57446
09-19 19:20:48.505 I/HEM96   (15985): HOLD t=390s state=Active conn=Connected events=7 reconnecting=0 batches=0 chats=0 dup=0 streamUpdated=1 participants=0 polls=4 pss_kb=58206
09-19 19:20:58.518 I/HEM96   (15985): HOLD t=400s state=Active conn=Connected events=7 reconnecting=0 batches=0 chats=0 dup=0 streamUpdated=1 participants=0 polls=4 pss_kb=59162
09-19 19:21:08.535 I/HEM96   (15985): HOLD t=410s state=Active conn=Connected events=7 reconnecting=0 batches=0 chats=0 dup=0 streamUpdated=1 participants=0 polls=4 pss_kb=59886
09-19 19:21:18.546 I/HEM96   (15985): HOLD t=420s state=Active conn=Connected events=7 reconnecting=0 batches=0 chats=0 dup=0 streamUpdated=1 participants=0 polls=4 pss_kb=60554
09-19 19:21:28.566 I/HEM96   (15985): HOLD t=430s state=Active conn=Connected events=7 reconnecting=0 batches=0 chats=0 dup=0 streamUpdated=1 participants=0 polls=4 pss_kb=57522
09-19 19:21:30.949 I/HEM96   (15985): HOLD EVENT 2026-09-20T02:21:30.948Z StreamEnded
09-19 19:21:30.950 I/HEM96   (15985): HOLD EVENT 2026-09-20T02:21:30.949Z StreamUpdated(state=VOD viewers=1)
09-19 19:21:38.581 I/HEM96   (15985): HOLD t=440s state=Active conn=Connected events=9 reconnecting=0 batches=0 chats=0 dup=0 streamUpdated=2 participants=0 polls=4 pss_kb=58298
09-19 19:21:48.597 I/HEM96   (15985): HOLD t=450s state=Active conn=Connected events=9 reconnecting=0 batches=0 chats=0 dup=0 streamUpdated=2 participants=0 polls=4 pss_kb=59038
09-19 19:21:58.095 I/HEM96   (15985): HOLD EVENT 2026-09-20T02:21:58.094Z StreamUpdated(state=VOD viewers=1)
09-19 19:21:58.612 I/HEM96   (15985): HOLD t=460s state=Active conn=Connected events=10 reconnecting=0 batches=0 chats=0 dup=0 streamUpdated=3 participants=0 polls=4 pss_kb=58779
09-19 19:22:00.989 I/HEM96   (15985): HOLD EVENT 2026-09-20T02:22:00.989Z StreamUpdated(state=VOD viewers=1)
09-19 19:22:03.972 I/HEM96   (15985): HOLD EVENT 2026-09-20T02:22:03.971Z StreamUpdated(state=VOD viewers=1)
09-19 19:22:08.630 I/HEM96   (15985): HOLD t=470s state=Active conn=Connected events=12 reconnecting=0 batches=0 chats=0 dup=0 streamUpdated=5 participants=0 polls=4 pss_kb=59531
09-19 19:22:18.648 I/HEM96   (15985): HOLD t=480s state=Active conn=Connected events=12 reconnecting=0 batches=0 chats=0 dup=0 streamUpdated=5 participants=0 polls=4 pss_kb=60506
09-19 19:22:28.665 I/HEM96   (15985): HOLD t=490s state=Active conn=Connected events=12 reconnecting=0 batches=0 chats=0 dup=0 streamUpdated=5 participants=0 polls=4 pss_kb=57054
09-19 19:22:38.676 I/HEM96   (15985): HOLD t=500s state=Active conn=Connected events=12 reconnecting=0 batches=0 chats=0 dup=0 streamUpdated=5 participants=0 polls=4 pss_kb=57830
09-19 19:22:48.689 I/HEM96   (15985): HOLD t=510s state=Active conn=Connected events=12 reconnecting=0 batches=0 chats=0 dup=0 streamUpdated=5 participants=0 polls=4 pss_kb=58606
09-19 19:22:58.705 I/HEM96   (15985): HOLD t=520s state=Active conn=Connected events=12 reconnecting=0 batches=0 chats=0 dup=0 streamUpdated=5 participants=0 polls=4 pss_kb=59562
09-19 19:23:08.712 I/HEM96   (15985): HOLD t=530s state=Active conn=Connected events=12 reconnecting=0 batches=0 chats=0 dup=0 streamUpdated=5 participants=0 polls=4 pss_kb=60294
09-19 19:23:18.728 I/HEM96   (15985): HOLD t=540s state=Active conn=Connected events=12 reconnecting=0 batches=0 chats=0 dup=0 streamUpdated=5 participants=0 polls=4 pss_kb=57014
09-19 19:23:28.742 I/HEM96   (15985): HOLD t=550s state=Active conn=Connected events=12 reconnecting=0 batches=0 chats=0 dup=0 streamUpdated=5 participants=0 polls=4 pss_kb=57978
09-19 19:23:38.756 I/HEM96   (15985): HOLD t=560s state=Active conn=Connected events=12 reconnecting=0 batches=0 chats=0 dup=0 streamUpdated=5 participants=0 polls=4 pss_kb=58694
09-19 19:23:48.767 I/HEM96   (15985): HOLD t=570s state=Active conn=Connected events=12 reconnecting=0 batches=0 chats=0 dup=0 streamUpdated=5 participants=0 polls=4 pss_kb=59438
09-19 19:23:58.778 I/HEM96   (15985): HOLD t=580s state=Active conn=Connected events=12 reconnecting=0 batches=0 chats=0 dup=0 streamUpdated=5 participants=0 polls=4 pss_kb=60398
09-19 19:24:08.789 I/HEM96   (15985): HOLD t=590s state=Active conn=Connected events=12 reconnecting=0 batches=0 chats=0 dup=0 streamUpdated=5 participants=0 polls=4 pss_kb=56754
09-19 19:24:18.804 I/HEM96   (15985): HOLD t=600s state=Active conn=Connected events=12 reconnecting=0 batches=0 chats=0 dup=0 streamUpdated=5 participants=0 polls=4 pss_kb=57658
09-19 19:24:18.805 I/HEM96   (15985): ROW HOLD PASS seconds=600 finalState=Active everDisconnected=false reconnectingEvents=0 chats=0 dup=0 sent=0 events=12
09-19 19:24:18.807 I/HEM96   (15985): HOLD EVENT 2026-09-20T02:24:18.806Z StateChanged(Stopping)
09-19 19:24:18.859 I/HEM96   (15985): HOLD EVENT 2026-09-20T02:24:18.858Z ConnectionChanged(Disconnected)
09-19 19:24:18.860 I/HEM96   (15985): HOLD EVENT 2026-09-20T02:24:18.859Z StateChanged(Stopped)
09-19 19:24:18.861 I/HEM96   (15985): AUTORUN COMPLETE
