# N2 — shipped Example against the baseline SDK in ~/.m2 2026-09-19T00:59:16Z
# $ ./gradlew :example:assembleDebug --rerun-tasks --refresh-dependencies
> Task :example:preBuild UP-TO-DATE
> Task :example:preDebugBuild UP-TO-DATE
> Task :example:mergeDebugNativeDebugMetadata NO-SOURCE
> Task :example:checkKotlinGradlePluginConfigurationErrors SKIPPED
> Task :example:dataBindingMergeDependencyArtifactsDebug
> Task :example:generateDebugResValues
> Task :example:generateDebugResources
> Task :example:packageDebugResources
> Task :example:generateDebugBuildConfig
> Task :example:mapDebugSourceSetPaths
> Task :example:createDebugCompatibleScreenManifests
> Task :example:extractDeepLinksDebug
> Task :example:checkDebugAarMetadata
> Task :example:parseDebugLocalResources
> Task :example:mergeDebugResources
> Task :example:processDebugMainManifest
> Task :example:dataBindingGenBaseClassesDebug
> Task :example:processDebugManifest
> Task :example:javaPreCompileDebug
> Task :example:mergeDebugShaders
> Task :example:compileDebugShaders NO-SOURCE
> Task :example:generateDebugAssets UP-TO-DATE
> Task :example:mergeDebugAssets
> Task :example:compressDebugAssets
> Task :example:desugarDebugFileDependencies
> Task :example:mergeDebugJniLibFolders
> Task :example:mergeDebugNativeLibs NO-SOURCE
> Task :example:stripDebugDebugSymbols NO-SOURCE
> Task :example:validateSigningDebug
> Task :example:writeDebugAppMetadata
> Task :example:checkDebugDuplicateClasses
> Task :example:writeDebugSigningConfigVersions
> Task :example:processDebugManifestForPackage
> Task :example:mergeLibDexDebug
> Task :example:processDebugResources
> Task :example:compileDebugKotlin
> Task :example:compileDebugJavaWithJavac
> Task :example:dexBuilderDebug
> Task :example:processDebugJavaRes
> Task :example:mergeDebugGlobalSynthetics
> Task :example:mergeProjectDexDebug
> Task :example:mergeDebugJavaResource
> Task :example:mergeExtDexDebug
> Task :example:packageDebug
> Task :example:createDebugApkListingFileRedirect
> Task :example:assembleDebug
BUILD SUCCESSFUL in 6s
37 actionable tasks: 37 executed
10017738 Example/build/outputs/apk/debug/example-debug.apk
