--------- beginning of main
09-18 15:24:16.504 I/HEM96   ( 5918): AUTORUN start rows=HOLD
09-18 15:24:16.514 I/HEM96   ( 5918): ROW HOLD begin
09-18 15:24:17.879 I/HEM96   ( 5918): HOLD start_ms=1351 state=Active stream=LIVE user=BR Staging Test chats=20 polls=7 room=1
09-18 15:24:17.880 I/HEM96   ( 5918): HOLD EVENT 2026-09-18T22:24:17.880Z StateChanged(Active)
09-18 15:24:17.881 I/HEM96   ( 5918): HOLD EVENT 2026-09-18T22:24:17.881Z ConnectionChanged(Connected)
09-18 15:24:21.269 I/HEM96   ( 5918): HOLD EVENT 2026-09-18T22:24:21.268Z StreamUpdated(state=LIVE viewers=1)
09-18 15:24:21.272 I/HEM96   ( 5918): HOLD EVENT 2026-09-18T22:24:21.270Z PollUpdated(248f3162 closed=true responses=1 my=99fb675f)
09-18 15:24:21.273 I/HEM96   ( 5918): HOLD EVENT 2026-09-18T22:24:21.272Z PollUpdated(5d98220b closed=false responses=1 my=aa69e2fe)
09-18 15:24:21.274 I/HEM96   ( 5918): HOLD EVENT 2026-09-18T22:24:21.273Z PollUpdated(7e9b3c6d closed=false responses=1 my=53a2ea31)
09-18 15:24:21.275 I/HEM96   ( 5918): HOLD EVENT 2026-09-18T22:24:21.274Z PollUpdated(a3c5650a closed=false responses=1 my=564354fa)
09-18 15:24:27.890 I/HEM96   ( 5918): HOLD t=10s state=Active conn=Connected events=7 reconnecting=0 batches=0 chats=0 dup=0 streamUpdated=1 participants=0 polls=4 pss_kb=58870
09-18 15:24:32.944 I/HEM96   ( 5918): HOLD EVENT 2026-09-18T22:24:32.943Z StreamUpdated(state=LIVE viewers=2)
09-18 15:24:33.780 I/HEM96   ( 5918): HOLD CHAT id=9b4de8db-e3b3-430a-90f8-c59313977dc2 user=hem96-an created=2026-09-18T22:24:31Z received=2026-09-18T22:24:33.779Z dup=false text=LclientB-run3 s0 n1 2026-09-18T22:24:31.
09-18 15:24:33.781 I/HEM96   ( 5918): HOLD EVENT 2026-09-18T22:24:33.780Z ChatBatchReceived(messages=1 reactions=0 ids=9b4de8db)
09-18 15:24:36.795 I/HEM96   ( 5918): HOLD CHAT id=9b4de8db-e3b3-430a-90f8-c59313977dc2 user=hem96-an created=2026-09-18T22:24:31Z received=2026-09-18T22:24:36.793Z dup=true text=LclientB-run3 s0 n1 2026-09-18T22:24:31.
09-18 15:24:36.798 I/HEM96   ( 5918): HOLD EVENT 2026-09-18T22:24:36.797Z ChatBatchReceived(messages=1 reactions=0 ids=9b4de8db)
09-18 15:24:37.917 I/HEM96   ( 5918): HOLD t=20s state=Active conn=Connected events=10 reconnecting=0 batches=2 chats=1 dup=1 streamUpdated=2 participants=0 polls=4 pss_kb=59692
09-18 15:24:38.013 I/HEM96   ( 5918): HOLD SENT id=b832fb3c-c4ce-4394-b269-26d8ea2e719a n=1 created=2026-09-18T22:24:37.921Z
09-18 15:24:45.813 I/HEM96   ( 5918): HOLD CHAT id=d6735695-f1a9-4043-a47c-a9eb43d1bea7 user=hem96-an created=2026-09-18T22:24:41Z received=2026-09-18T22:24:45.812Z dup=false text=LclientB-run3 s0 n2 2026-09-18T22:24:41.
09-18 15:24:45.815 I/HEM96   ( 5918): HOLD EVENT 2026-09-18T22:24:45.814Z ChatBatchReceived(messages=1 reactions=0 ids=d6735695)
09-18 15:24:48.027 I/HEM96   ( 5918): HOLD t=30s state=Active conn=Connected events=11 reconnecting=0 batches=3 chats=2 dup=1 streamUpdated=2 participants=0 polls=4 pss_kb=60856
09-18 15:24:54.837 I/HEM96   ( 5918): HOLD CHAT id=db1856a0-13f6-4b9a-9c64-d3184411512f user=hem96-an created=2026-09-18T22:24:51Z received=2026-09-18T22:24:54.836Z dup=false text=LclientB-run3 s0 n3 2026-09-18T22:24:51.
09-18 15:24:54.838 I/HEM96   ( 5918): HOLD EVENT 2026-09-18T22:24:54.837Z ChatBatchReceived(messages=1 reactions=0 ids=db1856a0)
09-18 15:24:57.846 I/HEM96   ( 5918): HOLD CHAT id=db1856a0-13f6-4b9a-9c64-d3184411512f user=hem96-an created=2026-09-18T22:24:51Z received=2026-09-18T22:24:57.845Z dup=true text=LclientB-run3 s0 n3 2026-09-18T22:24:51.
09-18 15:24:57.847 I/HEM96   ( 5918): HOLD EVENT 2026-09-18T22:24:57.846Z ChatBatchReceived(messages=1 reactions=0 ids=db1856a0)
09-18 15:24:58.037 I/HEM96   ( 5918): HOLD t=40s state=Active conn=Connected events=13 reconnecting=0 batches=5 chats=3 dup=2 streamUpdated=2 participants=0 polls=4 pss_kb=61739
09-18 15:24:58.110 I/HEM96   ( 5918): HOLD SENT id=d75f5fd8-1a89-4d4c-9e19-139e9acc943c n=2 created=2026-09-18T22:24:58.038Z
09-18 15:25:03.867 I/HEM96   ( 5918): HOLD CHAT id=2014ba04-0065-4fc2-944b-384e6244269b user=hem96-an created=2026-09-18T22:25:01Z received=2026-09-18T22:25:03.865Z dup=false text=LclientB-run3 s0 n4 2026-09-18T22:25:01.
09-18 15:25:03.868 I/HEM96   ( 5918): HOLD EVENT 2026-09-18T22:25:03.868Z ChatBatchReceived(messages=1 reactions=0 ids=2014ba04)
09-18 15:25:06.875 I/HEM96   ( 5918): HOLD CHAT id=2014ba04-0065-4fc2-944b-384e6244269b user=hem96-an created=2026-09-18T22:25:01Z received=2026-09-18T22:25:06.874Z dup=true text=LclientB-run3 s0 n4 2026-09-18T22:25:01.
09-18 15:25:06.877 I/HEM96   ( 5918): HOLD EVENT 2026-09-18T22:25:06.877Z ChatBatchReceived(messages=1 reactions=0 ids=2014ba04)
09-18 15:25:08.124 I/HEM96   ( 5918): HOLD t=50s state=Active conn=Connected events=15 reconnecting=0 batches=7 chats=4 dup=3 streamUpdated=2 participants=0 polls=4 pss_kb=61280
09-18 15:25:15.903 I/HEM96   ( 5918): HOLD CHAT id=6dca58ed-3266-4ad7-85d4-66bcad7fa4fb user=hem96-an created=2026-09-18T22:25:11Z received=2026-09-18T22:25:15.902Z dup=false text=LclientB-run3 s0 n5 2026-09-18T22:25:11.
09-18 15:25:15.905 I/HEM96   ( 5918): HOLD EVENT 2026-09-18T22:25:15.904Z ChatBatchReceived(messages=1 reactions=0 ids=6dca58ed)
09-18 15:25:18.137 I/HEM96   ( 5918): HOLD t=60s state=Active conn=Connected events=16 reconnecting=0 batches=8 chats=5 dup=3 streamUpdated=2 participants=0 polls=4 pss_kb=58227
09-18 15:25:18.212 I/HEM96   ( 5918): HOLD SENT id=f0166e9e-2d1e-4474-967e-ca1ccd9547c2 n=3 created=2026-09-18T22:25:18.138Z
09-18 15:25:24.924 I/HEM96   ( 5918): HOLD CHAT id=51a3f184-298d-4f84-b99a-a0e96e05e9c3 user=hem96-an created=2026-09-18T22:25:21Z received=2026-09-18T22:25:24.923Z dup=false text=LclientB-run3 s0 n6 2026-09-18T22:25:21.
09-18 15:25:24.925 I/HEM96   ( 5918): HOLD EVENT 2026-09-18T22:25:24.924Z ChatBatchReceived(messages=1 reactions=0 ids=51a3f184)
09-18 15:25:27.938 I/HEM96   ( 5918): HOLD CHAT id=51a3f184-298d-4f84-b99a-a0e96e05e9c3 user=hem96-an created=2026-09-18T22:25:21Z received=2026-09-18T22:25:27.938Z dup=true text=LclientB-run3 s0 n6 2026-09-18T22:25:21.
09-18 15:25:27.939 I/HEM96   ( 5918): HOLD EVENT 2026-09-18T22:25:27.939Z ChatBatchReceived(messages=1 reactions=0 ids=51a3f184)
09-18 15:25:28.222 I/HEM96   ( 5918): HOLD t=70s state=Active conn=Connected events=18 reconnecting=0 batches=10 chats=6 dup=4 streamUpdated=2 participants=0 polls=4 pss_kb=59139
09-18 15:25:36.960 I/HEM96   ( 5918): HOLD CHAT id=37e333fc-b063-4d9c-9044-c9980dea049e user=hem96-an created=2026-09-18T22:25:31Z received=2026-09-18T22:25:36.959Z dup=false text=LclientB-run3 s0 n7 2026-09-18T22:25:31.
09-18 15:25:36.961 I/HEM96   ( 5918): HOLD EVENT 2026-09-18T22:25:36.961Z ChatBatchReceived(messages=1 reactions=0 ids=37e333fc)
09-18 15:25:38.235 I/HEM96   ( 5918): HOLD t=80s state=Active conn=Connected events=19 reconnecting=0 batches=11 chats=7 dup=4 streamUpdated=2 participants=0 polls=4 pss_kb=59967
09-18 15:25:38.310 I/HEM96   ( 5918): HOLD SENT id=cdcc1062-03f5-4424-8e4a-f759986c90af n=4 created=2026-09-18T22:25:38.237Z
09-18 15:25:45.975 I/HEM96   ( 5918): HOLD CHAT id=bfceeb57-c923-4782-8b98-a39268e80c0f user=hem96-an created=2026-09-18T22:25:41Z received=2026-09-18T22:25:45.975Z dup=false text=LclientB-run3 s0 n8 2026-09-18T22:25:41.
09-18 15:25:45.976 I/HEM96   ( 5918): HOLD EVENT 2026-09-18T22:25:45.976Z ChatBatchReceived(messages=1 reactions=0 ids=bfceeb57)
09-18 15:25:48.329 I/HEM96   ( 5918): HOLD t=90s state=Active conn=Connected events=20 reconnecting=0 batches=12 chats=8 dup=4 streamUpdated=2 participants=0 polls=4 pss_kb=61167
09-18 15:25:54.992 I/HEM96   ( 5918): HOLD CHAT id=950d9517-104c-4c0e-a89c-78362bd12ca9 user=hem96-an created=2026-09-18T22:25:51Z received=2026-09-18T22:25:54.992Z dup=false text=LclientB-run3 s0 n9 2026-09-18T22:25:51.
09-18 15:25:54.994 I/HEM96   ( 5918): HOLD EVENT 2026-09-18T22:25:54.993Z ChatBatchReceived(messages=1 reactions=0 ids=950d9517)
09-18 15:25:58.000 I/HEM96   ( 5918): HOLD CHAT id=950d9517-104c-4c0e-a89c-78362bd12ca9 user=hem96-an created=2026-09-18T22:25:51Z received=2026-09-18T22:25:57.999Z dup=true text=LclientB-run3 s0 n9 2026-09-18T22:25:51.
09-18 15:25:58.001 I/HEM96   ( 5918): HOLD EVENT 2026-09-18T22:25:58.001Z ChatBatchReceived(messages=1 reactions=0 ids=950d9517)
09-18 15:25:58.339 I/HEM96   ( 5918): HOLD t=100s state=Active conn=Connected events=22 reconnecting=0 batches=14 chats=9 dup=5 streamUpdated=2 participants=0 polls=4 pss_kb=57679
09-18 15:25:58.410 I/HEM96   ( 5918): HOLD SENT id=ce8ea07b-b877-499a-b04d-790758d33587 n=5 created=2026-09-18T22:25:58.340Z
09-18 15:26:07.010 I/HEM96   ( 5918): HOLD CHAT id=bd9f860c-daad-4ede-a84d-11bcc15e529e user=hem96-an created=2026-09-18T22:26:01Z received=2026-09-18T22:26:07.009Z dup=false text=LclientB-run3 s0 n10 2026-09-18T22:26:01
09-18 15:26:07.011 I/HEM96   ( 5918): HOLD EVENT 2026-09-18T22:26:07.010Z ChatBatchReceived(messages=1 reactions=0 ids=bd9f860c)
09-18 15:26:08.421 I/HEM96   ( 5918): HOLD t=110s state=Active conn=Connected events=23 reconnecting=0 batches=15 chats=10 dup=5 streamUpdated=2 participants=0 polls=4 pss_kb=59143
09-18 15:26:16.027 I/HEM96   ( 5918): HOLD CHAT id=008031be-74bd-4996-be0e-b1c6d99bc92b user=hem96-an created=2026-09-18T22:26:12Z received=2026-09-18T22:26:16.026Z dup=false text=LclientB-run3 s0 n11 2026-09-18T22:26:11
09-18 15:26:16.028 I/HEM96   ( 5918): HOLD EVENT 2026-09-18T22:26:16.028Z ChatBatchReceived(messages=1 reactions=0 ids=008031be)
09-18 15:26:17.808 I/HEM96   ( 5918): HOLD EVENT 2026-09-18T22:26:17.808Z ParticipantsUpdated(host=a533e186 cohosts=0 guests=0 waiting=0 room=[hem96-an, fff4c1ac])
09-18 15:26:18.431 I/HEM96   ( 5918): HOLD t=120s state=Active conn=Connected events=25 reconnecting=0 batches=16 chats=11 dup=5 streamUpdated=2 participants=1 polls=4 pss_kb=60431
09-18 15:26:18.519 I/HEM96   ( 5918): HOLD SENT id=91e5637c-40c1-458c-976f-2dae27b93f48 n=6 created=2026-09-18T22:26:18.432Z
09-18 15:26:19.037 I/HEM96   ( 5918): HOLD CHAT id=008031be-74bd-4996-be0e-b1c6d99bc92b user=hem96-an created=2026-09-18T22:26:12Z received=2026-09-18T22:26:19.036Z dup=true text=LclientB-run3 s0 n11 2026-09-18T22:26:11
09-18 15:26:19.038 I/HEM96   ( 5918): HOLD EVENT 2026-09-18T22:26:19.037Z ChatBatchReceived(messages=1 reactions=0 ids=008031be)
09-18 15:26:24.050 I/HEM96   ( 5918): HOLD CHAT id=03a6e7b6-216b-4f62-80d9-193a745991c9 user=hem96-an created=2026-09-18T22:26:22Z received=2026-09-18T22:26:24.049Z dup=false text=LclientB-run3 s0 n12 2026-09-18T22:26:22
09-18 15:26:24.051 I/HEM96   ( 5918): HOLD EVENT 2026-09-18T22:26:24.051Z ChatBatchReceived(messages=1 reactions=0 ids=03a6e7b6)
09-18 15:26:27.057 I/HEM96   ( 5918): HOLD CHAT id=03a6e7b6-216b-4f62-80d9-193a745991c9 user=hem96-an created=2026-09-18T22:26:22Z received=2026-09-18T22:26:27.057Z dup=true text=LclientB-run3 s0 n12 2026-09-18T22:26:22
09-18 15:26:27.058 I/HEM96   ( 5918): HOLD EVENT 2026-09-18T22:26:27.058Z ChatBatchReceived(messages=1 reactions=0 ids=03a6e7b6)
09-18 15:26:28.544 I/HEM96   ( 5918): HOLD t=130s state=Active conn=Connected events=28 reconnecting=0 batches=19 chats=12 dup=7 streamUpdated=2 participants=1 polls=4 pss_kb=61403
09-18 15:26:36.077 I/HEM96   ( 5918): HOLD CHAT id=df3891ce-7228-4d16-a528-b809e638d43b user=hem96-an created=2026-09-18T22:26:32Z received=2026-09-18T22:26:36.077Z dup=false text=LclientB-run3 s0 n13 2026-09-18T22:26:32
09-18 15:26:36.078 I/HEM96   ( 5918): HOLD EVENT 2026-09-18T22:26:36.078Z ChatBatchReceived(messages=1 reactions=0 ids=df3891ce)
09-18 15:26:38.556 I/HEM96   ( 5918): HOLD t=140s state=Active conn=Connected events=29 reconnecting=0 batches=20 chats=13 dup=7 streamUpdated=2 participants=1 polls=4 pss_kb=58335
09-18 15:26:38.631 I/HEM96   ( 5918): HOLD SENT id=782a71b3-7820-4324-a0f3-f221288a92b1 n=7 created=2026-09-18T22:26:38.558Z
09-18 15:26:45.096 I/HEM96   ( 5918): HOLD CHAT id=7a16abd9-b28c-468f-95f3-eb9f6ae8f34d user=hem96-an created=2026-09-18T22:26:42Z received=2026-09-18T22:26:45.096Z dup=false text=LclientB-run3 s0 n14 2026-09-18T22:26:42
09-18 15:26:45.098 I/HEM96   ( 5918): HOLD EVENT 2026-09-18T22:26:45.097Z ChatBatchReceived(messages=1 reactions=0 ids=7a16abd9)
09-18 15:26:48.105 I/HEM96   ( 5918): HOLD CHAT id=7a16abd9-b28c-468f-95f3-eb9f6ae8f34d user=hem96-an created=2026-09-18T22:26:42Z received=2026-09-18T22:26:48.104Z dup=true text=LclientB-run3 s0 n14 2026-09-18T22:26:42
09-18 15:26:48.106 I/HEM96   ( 5918): HOLD EVENT 2026-09-18T22:26:48.105Z ChatBatchReceived(messages=1 reactions=0 ids=7a16abd9)
09-18 15:26:48.640 I/HEM96   ( 5918): HOLD t=150s state=Active conn=Connected events=31 reconnecting=0 batches=22 chats=14 dup=8 streamUpdated=2 participants=1 polls=4 pss_kb=59503
09-18 15:26:54.117 I/HEM96   ( 5918): HOLD CHAT id=5b59af77-dded-4d50-94bb-afcd2ba9801c user=hem96-an created=2026-09-18T22:26:52Z received=2026-09-18T22:26:54.116Z dup=false text=LclientB-run3 s0 n15 2026-09-18T22:26:52
09-18 15:26:54.118 I/HEM96   ( 5918): HOLD EVENT 2026-09-18T22:26:54.117Z ChatBatchReceived(messages=1 reactions=0 ids=5b59af77)
09-18 15:26:57.124 I/HEM96   ( 5918): HOLD CHAT id=5b59af77-dded-4d50-94bb-afcd2ba9801c user=hem96-an created=2026-09-18T22:26:52Z received=2026-09-18T22:26:57.123Z dup=true text=LclientB-run3 s0 n15 2026-09-18T22:26:52
09-18 15:26:57.125 I/HEM96   ( 5918): HOLD EVENT 2026-09-18T22:26:57.125Z ChatBatchReceived(messages=1 reactions=0 ids=5b59af77)
09-18 15:26:58.649 I/HEM96   ( 5918): HOLD t=160s state=Active conn=Connected events=33 reconnecting=0 batches=24 chats=15 dup=9 streamUpdated=2 participants=1 polls=4 pss_kb=60347
09-18 15:26:58.726 I/HEM96   ( 5918): HOLD SENT id=13b9dc33-aeb8-478c-980e-0ad98b7de621 n=8 created=2026-09-18T22:26:58.651Z
09-18 15:27:06.140 I/HEM96   ( 5918): HOLD CHAT id=c378314d-ba36-4db6-a96d-6f56e0d36f8c user=hem96-an created=2026-09-18T22:27:02Z received=2026-09-18T22:27:06.139Z dup=false text=LclientB-run3 s0 n16 2026-09-18T22:27:02
09-18 15:27:06.141 I/HEM96   ( 5918): HOLD EVENT 2026-09-18T22:27:06.141Z ChatBatchReceived(messages=1 reactions=0 ids=c378314d)
09-18 15:27:08.735 I/HEM96   ( 5918): HOLD t=170s state=Active conn=Connected events=34 reconnecting=0 batches=25 chats=16 dup=9 streamUpdated=2 participants=1 polls=4 pss_kb=61235
09-18 15:27:15.159 I/HEM96   ( 5918): HOLD CHAT id=7d519b43-524c-4c09-b665-8eef44c5d609 user=hem96-an created=2026-09-18T22:27:12Z received=2026-09-18T22:27:15.158Z dup=false text=LclientB-run3 s0 n17 2026-09-18T22:27:12
09-18 15:27:15.160 I/HEM96   ( 5918): HOLD EVENT 2026-09-18T22:27:15.160Z ChatBatchReceived(messages=1 reactions=0 ids=7d519b43)
09-18 15:27:18.167 I/HEM96   ( 5918): HOLD CHAT id=7d519b43-524c-4c09-b665-8eef44c5d609 user=hem96-an created=2026-09-18T22:27:12Z received=2026-09-18T22:27:18.167Z dup=true text=LclientB-run3 s0 n17 2026-09-18T22:27:12
09-18 15:27:18.169 I/HEM96   ( 5918): HOLD EVENT 2026-09-18T22:27:18.168Z ChatBatchReceived(messages=1 reactions=0 ids=7d519b43)
09-18 15:27:18.752 I/HEM96   ( 5918): HOLD t=180s state=Active conn=Connected events=36 reconnecting=0 batches=27 chats=17 dup=10 streamUpdated=2 participants=1 polls=4 pss_kb=57979
09-18 15:27:18.823 I/HEM96   ( 5918): HOLD SENT id=64948db5-8fca-4af8-84f5-c28df30e464b n=9 created=2026-09-18T22:27:18.753Z
09-18 15:27:24.182 I/HEM96   ( 5918): HOLD CHAT id=5c5eb282-0300-479f-ac7e-99600d26ebfd user=hem96-an created=2026-09-18T22:27:22Z received=2026-09-18T22:27:24.181Z dup=false text=LclientB-run3 s0 n18 2026-09-18T22:27:22
09-18 15:27:24.183 I/HEM96   ( 5918): HOLD EVENT 2026-09-18T22:27:24.183Z ChatBatchReceived(messages=1 reactions=0 ids=5c5eb282)
09-18 15:27:27.189 I/HEM96   ( 5918): HOLD CHAT id=5c5eb282-0300-479f-ac7e-99600d26ebfd user=hem96-an created=2026-09-18T22:27:22Z received=2026-09-18T22:27:27.188Z dup=true text=LclientB-run3 s0 n18 2026-09-18T22:27:22
09-18 15:27:27.190 I/HEM96   ( 5918): HOLD EVENT 2026-09-18T22:27:27.189Z ChatBatchReceived(messages=1 reactions=0 ids=5c5eb282)
09-18 15:27:28.834 I/HEM96   ( 5918): HOLD t=190s state=Active conn=Connected events=38 reconnecting=0 batches=29 chats=18 dup=11 streamUpdated=2 participants=1 polls=4 pss_kb=58915
09-18 15:27:36.208 I/HEM96   ( 5918): HOLD CHAT id=848f337e-4564-436b-b0cb-cccfb1e5e657 user=hem96-an created=2026-09-18T22:27:32Z received=2026-09-18T22:27:36.207Z dup=false text=LclientB-run3 s0 n19 2026-09-18T22:27:32
09-18 15:27:36.209 I/HEM96   ( 5918): HOLD EVENT 2026-09-18T22:27:36.209Z ChatBatchReceived(messages=1 reactions=0 ids=848f337e)
09-18 15:27:38.844 I/HEM96   ( 5918): HOLD t=200s state=Active conn=Connected events=39 reconnecting=0 batches=30 chats=19 dup=11 streamUpdated=2 participants=1 polls=4 pss_kb=59759
09-18 15:27:38.930 I/HEM96   ( 5918): HOLD SENT id=538b2654-9c9e-4602-9f38-44633a30391a n=10 created=2026-09-18T22:27:38.845Z
09-18 15:27:45.234 I/HEM96   ( 5918): HOLD CHAT id=3cb03ded-e7d0-4a22-9c7d-1d39a4603821 user=hem96-an created=2026-09-18T22:27:42Z received=2026-09-18T22:27:45.233Z dup=false text=LclientB-run3 s0 n20 2026-09-18T22:27:42
09-18 15:27:45.235 I/HEM96   ( 5918): HOLD EVENT 2026-09-18T22:27:45.234Z ChatBatchReceived(messages=1 reactions=0 ids=3cb03ded)
09-18 15:27:48.940 I/HEM96   ( 5918): HOLD t=211s state=Active conn=Connected events=40 reconnecting=0 batches=31 chats=20 dup=11 streamUpdated=2 participants=1 polls=4 pss_kb=60891
09-18 15:27:49.240 I/HEM96   ( 5918): HOLD CHAT id=3cb03ded-e7d0-4a22-9c7d-1d39a4603821 user=hem96-an created=2026-09-18T22:27:42Z received=2026-09-18T22:27:49.239Z dup=true text=LclientB-run3 s0 n20 2026-09-18T22:27:42
09-18 15:27:49.241 I/HEM96   ( 5918): HOLD EVENT 2026-09-18T22:27:49.240Z ChatBatchReceived(messages=1 reactions=0 ids=3cb03ded)
09-18 15:27:58.953 I/HEM96   ( 5918): HOLD t=221s state=Active conn=Connected events=41 reconnecting=0 batches=32 chats=20 dup=12 streamUpdated=2 participants=1 polls=4 pss_kb=61747
09-18 15:27:59.026 I/HEM96   ( 5918): HOLD SENT id=f8e5edbc-4bf2-45a6-8b0f-65357f88a2a0 n=11 created=2026-09-18T22:27:58.955Z
09-18 15:28:09.038 I/HEM96   ( 5918): HOLD t=231s state=Active conn=Connected events=41 reconnecting=0 batches=32 chats=20 dup=12 streamUpdated=2 participants=1 polls=4 pss_kb=58427
09-18 15:28:19.052 I/HEM96   ( 5918): HOLD t=241s state=Active conn=Connected events=41 reconnecting=0 batches=32 chats=20 dup=12 streamUpdated=2 participants=1 polls=4 pss_kb=59682
09-18 15:28:19.133 I/HEM96   ( 5918): HOLD SENT id=71969545-1deb-4b9d-a079-c5ba4bbd851b n=12 created=2026-09-18T22:28:19.054Z
09-18 15:28:29.145 I/HEM96   ( 5918): HOLD t=251s state=Active conn=Connected events=41 reconnecting=0 batches=32 chats=20 dup=12 streamUpdated=2 participants=1 polls=4 pss_kb=60590
09-18 15:28:39.155 I/HEM96   ( 5918): HOLD t=261s state=Active conn=Connected events=41 reconnecting=0 batches=32 chats=20 dup=12 streamUpdated=2 participants=1 polls=4 pss_kb=61390
09-18 15:28:39.236 I/HEM96   ( 5918): HOLD SENT id=e5a3126b-e1d1-4ed5-b60a-868ff7a9838b n=13 created=2026-09-18T22:28:39.158Z
09-18 15:28:49.249 I/HEM96   ( 5918): HOLD t=271s state=Active conn=Connected events=41 reconnecting=0 batches=32 chats=20 dup=12 streamUpdated=2 participants=1 polls=4 pss_kb=62539
09-18 15:28:59.260 I/HEM96   ( 5918): HOLD t=281s state=Active conn=Connected events=41 reconnecting=0 batches=32 chats=20 dup=12 streamUpdated=2 participants=1 polls=4 pss_kb=58811
09-18 15:28:59.333 I/HEM96   ( 5918): HOLD SENT id=1825cda1-220a-494d-a9d7-e7b248e7fc45 n=14 created=2026-09-18T22:28:59.262Z
09-18 15:29:09.346 I/HEM96   ( 5918): HOLD t=291s state=Active conn=Connected events=41 reconnecting=0 batches=32 chats=20 dup=12 streamUpdated=2 participants=1 polls=4 pss_kb=59707
09-18 15:29:19.357 I/HEM96   ( 5918): HOLD t=301s state=Active conn=Connected events=41 reconnecting=0 batches=32 chats=20 dup=12 streamUpdated=2 participants=1 polls=4 pss_kb=60795
09-18 15:29:19.425 I/HEM96   ( 5918): HOLD SENT id=bb707413-ebad-438e-b924-5a855806edb4 n=15 created=2026-09-18T22:29:19.358Z
09-18 15:29:19.426 I/HEM96   ( 5918): ROW HOLD PASS seconds=300 finalState=Active everDisconnected=false reconnectingEvents=0 chats=20 dup=12 sent=15 events=41
09-18 15:29:19.427 I/HEM96   ( 5918): HOLD EVENT 2026-09-18T22:29:19.426Z StateChanged(Stopping)
09-18 15:29:19.478 I/HEM96   ( 5918): HOLD EVENT 2026-09-18T22:29:19.478Z ConnectionChanged(Disconnected)
09-18 15:29:19.479 I/HEM96   ( 5918): HOLD EVENT 2026-09-18T22:29:19.479Z StateChanged(Stopped)
09-18 15:29:19.480 I/HEM96   ( 5918): AUTORUN COMPLETE
