--------- beginning of main
09-18 15:32:51.354 I/HEM96   ( 6367): AUTORUN start rows=HOLD
09-18 15:32:51.366 I/HEM96   ( 6367): ROW HOLD begin
09-18 15:32:52.632 I/HEM96   ( 6367): HOLD start_ms=1250 state=Active stream=LIVE user=BR Staging Test chats=20 polls=7 room=2
09-18 15:32:52.634 I/HEM96   ( 6367): HOLD EVENT 2026-09-18T22:32:52.633Z StateChanged(Active)
09-18 15:32:52.634 I/HEM96   ( 6367): HOLD EVENT 2026-09-18T22:32:52.634Z ConnectionChanged(Connected)
09-18 15:32:56.062 I/HEM96   ( 6367): HOLD EVENT 2026-09-18T22:32:56.061Z StreamUpdated(state=LIVE viewers=2)
09-18 15:32:56.063 I/HEM96   ( 6367): HOLD EVENT 2026-09-18T22:32:56.062Z PollUpdated(248f3162 closed=true responses=1 my=99fb675f)
09-18 15:32:56.064 I/HEM96   ( 6367): HOLD EVENT 2026-09-18T22:32:56.064Z PollUpdated(5d98220b closed=false responses=1 my=aa69e2fe)
09-18 15:32:56.065 I/HEM96   ( 6367): HOLD EVENT 2026-09-18T22:32:56.065Z PollUpdated(7e9b3c6d closed=false responses=1 my=53a2ea31)
09-18 15:32:56.066 I/HEM96   ( 6367): HOLD EVENT 2026-09-18T22:32:56.066Z PollUpdated(a3c5650a closed=false responses=1 my=564354fa)
09-18 15:33:02.645 I/HEM96   ( 6367): HOLD t=10s state=Active conn=Connected events=7 reconnecting=0 batches=0 chats=0 dup=0 streamUpdated=1 participants=0 polls=4 pss_kb=58740
09-18 15:33:12.657 I/HEM96   ( 6367): HOLD t=20s state=Active conn=Connected events=7 reconnecting=0 batches=0 chats=0 dup=0 streamUpdated=1 participants=0 polls=4 pss_kb=59474
09-18 15:33:22.670 I/HEM96   ( 6367): HOLD t=30s state=Active conn=Connected events=7 reconnecting=0 batches=0 chats=0 dup=0 streamUpdated=1 participants=0 polls=4 pss_kb=60298
09-18 15:33:23.069 I/HEM96   ( 6367): HOLD EVENT 2026-09-18T22:33:23.068Z ConnectionChanged(Reconnecting(1))
09-18 15:33:25.706 I/HEM96   ( 6367): HOLD EVENT 2026-09-18T22:33:25.705Z ConnectionChanged(Reconnecting(2))
09-18 15:33:28.710 I/HEM96   ( 6367): HOLD EVENT 2026-09-18T22:33:28.710Z ConnectionChanged(Reconnecting(3))
09-18 15:33:31.711 I/HEM96   ( 6367): HOLD EVENT 2026-09-18T22:33:31.711Z ConnectionChanged(Reconnecting(4))
09-18 15:33:32.680 I/HEM96   ( 6367): HOLD t=40s state=Active conn=Reconnecting(4) events=11 reconnecting=4 batches=0 chats=0 dup=0 streamUpdated=1 participants=0 polls=4 pss_kb=61426
09-18 15:33:34.715 I/HEM96   ( 6367): HOLD EVENT 2026-09-18T22:33:34.714Z ConnectionChanged(Reconnecting(5))
09-18 15:33:37.714 I/HEM96   ( 6367): HOLD EVENT 2026-09-18T22:33:37.713Z ConnectionChanged(Reconnecting(6))
09-18 15:33:40.717 I/HEM96   ( 6367): HOLD EVENT 2026-09-18T22:33:40.717Z ConnectionChanged(Reconnecting(7))
09-18 15:33:42.697 I/HEM96   ( 6367): HOLD t=50s state=Active conn=Reconnecting(7) events=14 reconnecting=7 batches=0 chats=0 dup=0 streamUpdated=1 participants=0 polls=4 pss_kb=62242
09-18 15:33:43.722 I/HEM96   ( 6367): HOLD EVENT 2026-09-18T22:33:43.721Z ConnectionChanged(Reconnecting(8))
09-18 15:33:46.724 I/HEM96   ( 6367): HOLD EVENT 2026-09-18T22:33:46.723Z ConnectionChanged(Reconnecting(9))
09-18 15:33:49.729 I/HEM96   ( 6367): HOLD EVENT 2026-09-18T22:33:49.728Z ConnectionChanged(Reconnecting(10))
09-18 15:33:52.707 I/HEM96   ( 6367): HOLD t=60s state=Active conn=Reconnecting(10) events=17 reconnecting=10 batches=0 chats=0 dup=0 streamUpdated=1 participants=0 polls=4 pss_kb=57496
09-18 15:33:52.728 I/HEM96   ( 6367): HOLD EVENT 2026-09-18T22:33:52.727Z ConnectionChanged(Reconnecting(11))
09-18 15:33:55.726 I/HEM96   ( 6367): HOLD EVENT 2026-09-18T22:33:55.725Z ConnectionChanged(Reconnecting(12))
09-18 15:33:58.734 I/HEM96   ( 6367): HOLD EVENT 2026-09-18T22:33:58.733Z ConnectionChanged(Reconnecting(13))
09-18 15:34:01.734 I/HEM96   ( 6367): HOLD EVENT 2026-09-18T22:34:01.733Z ConnectionChanged(Reconnecting(14))
09-18 15:34:02.718 I/HEM96   ( 6367): HOLD t=70s state=Active conn=Reconnecting(14) events=21 reconnecting=14 batches=0 chats=0 dup=0 streamUpdated=1 participants=0 polls=4 pss_kb=58588
09-18 15:34:04.732 I/HEM96   ( 6367): HOLD EVENT 2026-09-18T22:34:04.732Z ConnectionChanged(Reconnecting(15))
09-18 15:34:07.733 I/HEM96   ( 6367): HOLD EVENT 2026-09-18T22:34:07.733Z ConnectionChanged(Reconnecting(16))
09-18 15:34:10.738 I/HEM96   ( 6367): HOLD EVENT 2026-09-18T22:34:10.737Z ConnectionChanged(Reconnecting(17))
09-18 15:34:12.732 I/HEM96   ( 6367): HOLD t=80s state=Active conn=Reconnecting(17) events=24 reconnecting=17 batches=0 chats=0 dup=0 streamUpdated=1 participants=0 polls=4 pss_kb=59408
09-18 15:34:13.743 I/HEM96   ( 6367): HOLD EVENT 2026-09-18T22:34:13.742Z ConnectionChanged(Reconnecting(18))
09-18 15:34:16.748 I/HEM96   ( 6367): HOLD EVENT 2026-09-18T22:34:16.748Z ConnectionChanged(Reconnecting(19))
09-18 15:34:19.749 I/HEM96   ( 6367): HOLD EVENT 2026-09-18T22:34:19.748Z ConnectionChanged(Reconnecting(20))
09-18 15:34:22.744 I/HEM96   ( 6367): HOLD t=90s state=Active conn=Reconnecting(20) events=27 reconnecting=20 batches=0 chats=0 dup=0 streamUpdated=1 participants=0 polls=4 pss_kb=60252
09-18 15:34:22.754 I/HEM96   ( 6367): HOLD EVENT 2026-09-18T22:34:22.753Z ConnectionChanged(Reconnecting(21))
09-18 15:34:26.132 I/HEM96   ( 6367): HOLD EVENT 2026-09-18T22:34:26.131Z ConnectionChanged(Reconnecting(22))
09-18 15:34:28.765 I/HEM96   ( 6367): HOLD EVENT 2026-09-18T22:34:28.764Z ConnectionChanged(Reconnecting(23))
09-18 15:34:31.767 I/HEM96   ( 6367): HOLD EVENT 2026-09-18T22:34:31.766Z ConnectionChanged(Reconnecting(24))
09-18 15:34:32.757 I/HEM96   ( 6367): HOLD t=100s state=Active conn=Reconnecting(24) events=31 reconnecting=24 batches=0 chats=0 dup=0 streamUpdated=1 participants=0 polls=4 pss_kb=61360
09-18 15:34:34.774 I/HEM96   ( 6367): HOLD EVENT 2026-09-18T22:34:34.773Z ConnectionChanged(Reconnecting(25))
09-18 15:34:37.776 I/HEM96   ( 6367): HOLD EVENT 2026-09-18T22:34:37.775Z ConnectionChanged(Reconnecting(26))
09-18 15:34:40.772 I/HEM96   ( 6367): HOLD EVENT 2026-09-18T22:34:40.772Z ConnectionChanged(Reconnecting(27))
09-18 15:34:42.768 I/HEM96   ( 6367): HOLD t=110s state=Active conn=Reconnecting(27) events=34 reconnecting=27 batches=0 chats=0 dup=0 streamUpdated=1 participants=0 polls=4 pss_kb=57600
09-18 15:34:43.775 I/HEM96   ( 6367): HOLD EVENT 2026-09-18T22:34:43.774Z ConnectionChanged(Reconnecting(28))
09-18 15:34:46.779 I/HEM96   ( 6367): HOLD EVENT 2026-09-18T22:34:46.778Z ConnectionChanged(Reconnecting(29))
09-18 15:34:49.783 I/HEM96   ( 6367): HOLD EVENT 2026-09-18T22:34:49.783Z ConnectionChanged(Reconnecting(30))
09-18 15:34:52.619 I/HEM96   ( 6367): HOLD EVENT 2026-09-18T22:34:52.618Z ParticipantsUpdated(host=a533e186 cohosts=0 guests=0 waiting=0 room=[fff4c1ac])
09-18 15:34:52.779 I/HEM96   ( 6367): HOLD t=120s state=Active conn=Reconnecting(30) events=38 reconnecting=30 batches=0 chats=0 dup=0 streamUpdated=1 participants=1 polls=4 pss_kb=58692
09-18 15:34:52.785 I/HEM96   ( 6367): HOLD EVENT 2026-09-18T22:34:52.784Z ConnectionChanged(Reconnecting(31))
09-18 15:34:55.787 I/HEM96   ( 6367): HOLD EVENT 2026-09-18T22:34:55.786Z ConnectionChanged(Reconnecting(32))
09-18 15:34:58.791 I/HEM96   ( 6367): HOLD EVENT 2026-09-18T22:34:58.791Z ConnectionChanged(Reconnecting(33))
09-18 15:35:01.806 I/HEM96   ( 6367): HOLD EVENT 2026-09-18T22:35:01.805Z ConnectionChanged(Reconnecting(34))
09-18 15:35:02.794 I/HEM96   ( 6367): HOLD t=130s state=Active conn=Reconnecting(34) events=42 reconnecting=34 batches=0 chats=0 dup=0 streamUpdated=1 participants=1 polls=4 pss_kb=59732
09-18 15:35:04.798 I/HEM96   ( 6367): HOLD EVENT 2026-09-18T22:35:04.797Z ConnectionChanged(Reconnecting(35))
09-18 15:35:07.803 I/HEM96   ( 6367): HOLD EVENT 2026-09-18T22:35:07.802Z ConnectionChanged(Reconnecting(36))
09-18 15:35:10.800 I/HEM96   ( 6367): HOLD EVENT 2026-09-18T22:35:10.799Z ConnectionChanged(Reconnecting(37))
09-18 15:35:12.810 I/HEM96   ( 6367): HOLD t=140s state=Active conn=Reconnecting(37) events=45 reconnecting=37 batches=0 chats=0 dup=0 streamUpdated=1 participants=1 polls=4 pss_kb=60556
09-18 15:35:13.805 I/HEM96   ( 6367): HOLD EVENT 2026-09-18T22:35:13.804Z ConnectionChanged(Reconnecting(38))
09-18 15:35:16.810 I/HEM96   ( 6367): HOLD EVENT 2026-09-18T22:35:16.809Z ConnectionChanged(Reconnecting(39))
09-18 15:35:19.810 I/HEM96   ( 6367): HOLD EVENT 2026-09-18T22:35:19.809Z ConnectionChanged(Reconnecting(40))
09-18 15:35:22.812 I/HEM96   ( 6367): HOLD EVENT 2026-09-18T22:35:22.811Z ConnectionChanged(Reconnecting(41))
09-18 15:35:22.821 I/HEM96   ( 6367): HOLD t=150s state=Active conn=Reconnecting(41) events=49 reconnecting=41 batches=0 chats=0 dup=0 streamUpdated=1 participants=1 polls=4 pss_kb=61692
09-18 15:35:22.822 I/HEM96   ( 6367): ROW HOLD PASS seconds=150 finalState=Active everDisconnected=false reconnectingEvents=41 chats=0 dup=0 sent=0 events=49
09-18 15:35:22.823 I/HEM96   ( 6367): HOLD EVENT 2026-09-18T22:35:22.823Z StateChanged(Stopping)
09-18 15:35:22.872 I/HEM96   ( 6367): HOLD EVENT 2026-09-18T22:35:22.871Z ConnectionChanged(Disconnected)
09-18 15:35:22.873 I/HEM96   ( 6367): HOLD EVENT 2026-09-18T22:35:22.873Z StateChanged(Stopped)
09-18 15:35:22.874 I/HEM96   ( 6367): AUTORUN COMPLETE
