--------- beginning of main
09-18 15:38:55.315 I/HEM96   ( 6534): AUTORUN start rows=HOLD
09-18 15:38:55.325 I/HEM96   ( 6534): ROW HOLD begin
09-18 15:38:56.625 I/HEM96   ( 6534): HOLD start_ms=1282 state=Active stream=LIVE user=BR Staging Test chats=19 polls=7 room=0
09-18 15:38:56.626 I/HEM96   ( 6534): HOLD EVENT 2026-09-18T22:38:56.626Z StateChanged(Active)
09-18 15:38:56.627 I/HEM96   ( 6534): HOLD EVENT 2026-09-18T22:38:56.627Z ConnectionChanged(Connected)
09-18 15:39:00.031 I/HEM96   ( 6534): HOLD EVENT 2026-09-18T22:39:00.029Z PollUpdated(248f3162 closed=true responses=1 my=99fb675f)
09-18 15:39:00.032 I/HEM96   ( 6534): HOLD EVENT 2026-09-18T22:39:00.031Z PollUpdated(5d98220b closed=false responses=1 my=aa69e2fe)
09-18 15:39:00.033 I/HEM96   ( 6534): HOLD EVENT 2026-09-18T22:39:00.032Z PollUpdated(7e9b3c6d closed=false responses=1 my=53a2ea31)
09-18 15:39:00.034 I/HEM96   ( 6534): HOLD EVENT 2026-09-18T22:39:00.034Z PollUpdated(a3c5650a closed=false responses=1 my=564354fa)
09-18 15:39:06.637 I/HEM96   ( 6534): HOLD t=10s state=Active conn=Connected events=6 reconnecting=0 batches=0 chats=0 dup=0 streamUpdated=0 participants=0 polls=4 pss_kb=58544
09-18 15:39:09.556 I/HEM96   ( 6534): HOLD CHAT id=97c8cb68-7e22-42b0-82a2-df79abc845a2 user=hem96-an created=2026-09-18T22:39:07Z received=2026-09-18T22:39:09.555Z dup=false text=LclientB-run6 s0 n1 2026-09-18T22:39:07.
09-18 15:39:09.557 I/HEM96   ( 6534): HOLD EVENT 2026-09-18T22:39:09.557Z ChatBatchReceived(messages=1 reactions=0 ids=97c8cb68)
09-18 15:39:11.942 I/HEM96   ( 6534): HOLD EVENT 2026-09-18T22:39:11.941Z StreamUpdated(state=LIVE viewers=2)
09-18 15:39:12.564 I/HEM96   ( 6534): HOLD CHAT id=97c8cb68-7e22-42b0-82a2-df79abc845a2 user=hem96-an created=2026-09-18T22:39:07Z received=2026-09-18T22:39:12.563Z dup=true text=LclientB-run6 s0 n1 2026-09-18T22:39:07.
09-18 15:39:12.565 I/HEM96   ( 6534): HOLD EVENT 2026-09-18T22:39:12.564Z ChatBatchReceived(messages=1 reactions=0 ids=97c8cb68)
09-18 15:39:16.647 I/HEM96   ( 6534): HOLD t=20s state=Active conn=Connected events=9 reconnecting=0 batches=2 chats=1 dup=1 streamUpdated=1 participants=0 polls=4 pss_kb=59418
09-18 15:39:21.584 I/HEM96   ( 6534): HOLD CHAT id=bdea4478-b3a7-4275-9daf-335274345092 user=hem96-an created=2026-09-18T22:39:18Z received=2026-09-18T22:39:21.583Z dup=false text=LclientB-run6 s0 n2 2026-09-18T22:39:17.
09-18 15:39:21.585 I/HEM96   ( 6534): HOLD EVENT 2026-09-18T22:39:21.585Z ChatBatchReceived(messages=1 reactions=0 ids=bdea4478)
09-18 15:39:24.592 I/HEM96   ( 6534): HOLD CHAT id=bdea4478-b3a7-4275-9daf-335274345092 user=hem96-an created=2026-09-18T22:39:18Z received=2026-09-18T22:39:24.591Z dup=true text=LclientB-run6 s0 n2 2026-09-18T22:39:17.
09-18 15:39:24.593 I/HEM96   ( 6534): HOLD EVENT 2026-09-18T22:39:24.593Z ChatBatchReceived(messages=1 reactions=0 ids=bdea4478)
09-18 15:39:26.659 I/HEM96   ( 6534): HOLD t=30s state=Active conn=Connected events=11 reconnecting=0 batches=4 chats=2 dup=2 streamUpdated=1 participants=0 polls=4 pss_kb=60314
09-18 15:39:30.607 I/HEM96   ( 6534): HOLD CHAT id=2acdb658-f1b6-461a-aab8-0eb75a2460ae user=hem96-an created=2026-09-18T22:39:28Z received=2026-09-18T22:39:30.607Z dup=false text=LclientB-run6 s0 n3 2026-09-18T22:39:28.
09-18 15:39:30.608 I/HEM96   ( 6534): HOLD EVENT 2026-09-18T22:39:30.608Z ChatBatchReceived(messages=1 reactions=0 ids=2acdb658)
09-18 15:39:33.619 I/HEM96   ( 6534): HOLD CHAT id=2acdb658-f1b6-461a-aab8-0eb75a2460ae user=hem96-an created=2026-09-18T22:39:28Z received=2026-09-18T22:39:33.618Z dup=true text=LclientB-run6 s0 n3 2026-09-18T22:39:28.
09-18 15:39:33.620 I/HEM96   ( 6534): HOLD EVENT 2026-09-18T22:39:33.619Z ChatBatchReceived(messages=1 reactions=0 ids=2acdb658)
09-18 15:39:36.667 I/HEM96   ( 6534): HOLD t=40s state=Active conn=Connected events=13 reconnecting=0 batches=6 chats=3 dup=3 streamUpdated=1 participants=0 polls=4 pss_kb=61006
09-18 15:39:46.680 I/HEM96   ( 6534): HOLD t=50s state=Active conn=Connected events=13 reconnecting=0 batches=6 chats=3 dup=3 streamUpdated=1 participants=0 polls=4 pss_kb=61083
09-18 15:39:56.691 I/HEM96   ( 6534): HOLD t=60s state=Active conn=Connected events=13 reconnecting=0 batches=6 chats=3 dup=3 streamUpdated=1 participants=0 polls=4 pss_kb=60882
09-18 15:40:06.703 I/HEM96   ( 6534): HOLD t=70s state=Active conn=Connected events=13 reconnecting=0 batches=6 chats=3 dup=3 streamUpdated=1 participants=0 polls=4 pss_kb=60902
09-18 15:40:16.713 I/HEM96   ( 6534): HOLD t=80s state=Active conn=Connected events=13 reconnecting=0 batches=6 chats=3 dup=3 streamUpdated=1 participants=0 polls=4 pss_kb=60914
09-18 15:40:26.725 I/HEM96   ( 6534): HOLD t=90s state=Active conn=Connected events=13 reconnecting=0 batches=6 chats=3 dup=3 streamUpdated=1 participants=0 polls=4 pss_kb=60926
09-18 15:40:36.736 I/HEM96   ( 6534): HOLD t=100s state=Active conn=Connected events=13 reconnecting=0 batches=6 chats=3 dup=3 streamUpdated=1 participants=0 polls=4 pss_kb=60766
09-18 15:40:46.748 I/HEM96   ( 6534): HOLD t=110s state=Active conn=Connected events=13 reconnecting=0 batches=6 chats=3 dup=3 streamUpdated=1 participants=0 polls=4 pss_kb=60746
09-18 15:40:56.762 I/HEM96   ( 6534): HOLD t=120s state=Active conn=Connected events=13 reconnecting=0 batches=6 chats=3 dup=3 streamUpdated=1 participants=0 polls=4 pss_kb=60866
09-18 15:41:06.775 I/HEM96   ( 6534): HOLD t=130s state=Active conn=Connected events=13 reconnecting=0 batches=6 chats=3 dup=3 streamUpdated=1 participants=0 polls=4 pss_kb=60878
09-18 15:41:16.786 I/HEM96   ( 6534): HOLD t=140s state=Active conn=Connected events=13 reconnecting=0 batches=6 chats=3 dup=3 streamUpdated=1 participants=0 polls=4 pss_kb=60910
09-18 15:41:26.795 I/HEM96   ( 6534): HOLD t=150s state=Active conn=Connected events=13 reconnecting=0 batches=6 chats=3 dup=3 streamUpdated=1 participants=0 polls=4 pss_kb=60922
09-18 15:41:36.132 I/HEM96   ( 6534): HOLD EVENT 2026-09-18T22:41:36.131Z ConnectionChanged(Reconnecting(1))
09-18 15:41:36.806 I/HEM96   ( 6534): HOLD t=160s state=Active conn=Reconnecting(1) events=14 reconnecting=1 batches=6 chats=3 dup=3 streamUpdated=1 participants=0 polls=4 pss_kb=61297
09-18 15:41:37.985 I/HEM96   ( 6534): HOLD EVENT 2026-09-18T22:41:37.984Z StreamUpdated(state=LIVE viewers=1)
09-18 15:41:37.986 I/HEM96   ( 6534): HOLD EVENT 2026-09-18T22:41:37.985Z ConnectionChanged(Connected)
09-18 15:41:42.889 I/HEM96   ( 6534): HOLD CHAT id=797b38a9-4277-4064-994f-0888bb49c889 user=hem96-an created=2026-09-18T22:41:39Z received=2026-09-18T22:41:42.888Z dup=false text=LclientB-run6 s0 n16 2026-09-18T22:41:39
09-18 15:41:42.890 I/HEM96   ( 6534): HOLD EVENT 2026-09-18T22:41:42.889Z ChatBatchReceived(messages=1 reactions=0 ids=797b38a9)
09-18 15:41:45.896 I/HEM96   ( 6534): HOLD CHAT id=797b38a9-4277-4064-994f-0888bb49c889 user=hem96-an created=2026-09-18T22:41:39Z received=2026-09-18T22:41:45.895Z dup=true text=LclientB-run6 s0 n16 2026-09-18T22:41:39
09-18 15:41:45.897 I/HEM96   ( 6534): HOLD EVENT 2026-09-18T22:41:45.897Z ChatBatchReceived(messages=1 reactions=0 ids=797b38a9)
09-18 15:41:46.815 I/HEM96   ( 6534): HOLD t=170s state=Active conn=Connected events=18 reconnecting=1 batches=8 chats=4 dup=4 streamUpdated=2 participants=0 polls=4 pss_kb=58046
09-18 15:41:51.941 I/HEM96   ( 6534): HOLD CHAT id=c8e4ef35-91fb-4499-b6af-fcf00bed208c user=hem96-an created=2026-09-18T22:41:49Z received=2026-09-18T22:41:51.937Z dup=false text=LclientB-run6 s0 n17 2026-09-18T22:41:49
09-18 15:41:51.951 I/HEM96   ( 6534): HOLD EVENT 2026-09-18T22:41:51.948Z ChatBatchReceived(messages=1 reactions=0 ids=c8e4ef35)
09-18 15:41:54.957 I/HEM96   ( 6534): HOLD CHAT id=c8e4ef35-91fb-4499-b6af-fcf00bed208c user=hem96-an created=2026-09-18T22:41:49Z received=2026-09-18T22:41:54.956Z dup=true text=LclientB-run6 s0 n17 2026-09-18T22:41:49
09-18 15:41:54.958 I/HEM96   ( 6534): HOLD EVENT 2026-09-18T22:41:54.957Z ChatBatchReceived(messages=1 reactions=0 ids=c8e4ef35)
09-18 15:41:56.828 I/HEM96   ( 6534): HOLD t=180s state=Active conn=Connected events=20 reconnecting=1 batches=10 chats=5 dup=5 streamUpdated=2 participants=0 polls=4 pss_kb=58794
09-18 15:42:00.970 I/HEM96   ( 6534): HOLD CHAT id=08bd1b2c-ee89-4f6d-a441-778fcfa898cd user=hem96-an created=2026-09-18T22:41:59Z received=2026-09-18T22:42:00.969Z dup=false text=LclientB-run6 s0 n18 2026-09-18T22:41:59
09-18 15:42:00.971 I/HEM96   ( 6534): HOLD EVENT 2026-09-18T22:42:00.971Z ChatBatchReceived(messages=1 reactions=0 ids=08bd1b2c)
09-18 15:42:03.976 I/HEM96   ( 6534): HOLD CHAT id=08bd1b2c-ee89-4f6d-a441-778fcfa898cd user=hem96-an created=2026-09-18T22:41:59Z received=2026-09-18T22:42:03.975Z dup=true text=LclientB-run6 s0 n18 2026-09-18T22:41:59
09-18 15:42:03.977 I/HEM96   ( 6534): HOLD EVENT 2026-09-18T22:42:03.976Z ChatBatchReceived(messages=1 reactions=0 ids=08bd1b2c)
09-18 15:42:06.839 I/HEM96   ( 6534): HOLD t=190s state=Active conn=Connected events=22 reconnecting=1 batches=12 chats=6 dup=6 streamUpdated=2 participants=0 polls=4 pss_kb=59937
09-18 15:42:12.159 I/HEM96   ( 6534): HOLD EVENT 2026-09-18T22:42:12.158Z StreamUpdated(state=LIVE viewers=2)
09-18 15:42:12.992 I/HEM96   ( 6534): HOLD CHAT id=511c38d9-d502-44bf-8251-ec1eab1f3d32 user=hem96-an created=2026-09-18T22:42:09Z received=2026-09-18T22:42:12.991Z dup=false text=LclientB-run6 s0 n19 2026-09-18T22:42:09
09-18 15:42:12.993 I/HEM96   ( 6534): HOLD EVENT 2026-09-18T22:42:12.993Z ChatBatchReceived(messages=1 reactions=0 ids=511c38d9)
09-18 15:42:16.003 I/HEM96   ( 6534): HOLD CHAT id=511c38d9-d502-44bf-8251-ec1eab1f3d32 user=hem96-an created=2026-09-18T22:42:09Z received=2026-09-18T22:42:16.002Z dup=true text=LclientB-run6 s0 n19 2026-09-18T22:42:09
09-18 15:42:16.004 I/HEM96   ( 6534): HOLD EVENT 2026-09-18T22:42:16.003Z ChatBatchReceived(messages=1 reactions=0 ids=511c38d9)
09-18 15:42:16.848 I/HEM96   ( 6534): HOLD t=200s state=Active conn=Connected events=25 reconnecting=1 batches=14 chats=7 dup=7 streamUpdated=3 participants=0 polls=4 pss_kb=60881
09-18 15:42:22.017 I/HEM96   ( 6534): HOLD CHAT id=11fa1802-50a7-4fa5-a03b-bb8b4e0569b9 user=hem96-an created=2026-09-18T22:42:19Z received=2026-09-18T22:42:22.016Z dup=false text=LclientB-run6 s0 n20 2026-09-18T22:42:19
09-18 15:42:22.018 I/HEM96   ( 6534): HOLD EVENT 2026-09-18T22:42:22.018Z ChatBatchReceived(messages=1 reactions=0 ids=11fa1802)
09-18 15:42:25.027 I/HEM96   ( 6534): HOLD CHAT id=11fa1802-50a7-4fa5-a03b-bb8b4e0569b9 user=hem96-an created=2026-09-18T22:42:19Z received=2026-09-18T22:42:25.026Z dup=true text=LclientB-run6 s0 n20 2026-09-18T22:42:19
09-18 15:42:25.028 I/HEM96   ( 6534): HOLD EVENT 2026-09-18T22:42:25.027Z ChatBatchReceived(messages=1 reactions=0 ids=11fa1802)
09-18 15:42:26.858 I/HEM96   ( 6534): HOLD t=210s state=Active conn=Connected events=27 reconnecting=1 batches=16 chats=8 dup=8 streamUpdated=3 participants=0 polls=4 pss_kb=61777
09-18 15:42:31.040 I/HEM96   ( 6534): HOLD CHAT id=b908099a-d38b-4e39-af6e-0395598cfc13 user=hem96-an created=2026-09-18T22:42:29Z received=2026-09-18T22:42:31.039Z dup=false text=LclientB-run6 s0 n21 2026-09-18T22:42:29
09-18 15:42:31.041 I/HEM96   ( 6534): HOLD EVENT 2026-09-18T22:42:31.041Z ChatBatchReceived(messages=1 reactions=0 ids=b908099a)
09-18 15:42:34.044 I/HEM96   ( 6534): HOLD CHAT id=b908099a-d38b-4e39-af6e-0395598cfc13 user=hem96-an created=2026-09-18T22:42:29Z received=2026-09-18T22:42:34.044Z dup=true text=LclientB-run6 s0 n21 2026-09-18T22:42:29
09-18 15:42:34.045 I/HEM96   ( 6534): HOLD EVENT 2026-09-18T22:42:34.045Z ChatBatchReceived(messages=1 reactions=0 ids=b908099a)
09-18 15:42:36.868 I/HEM96   ( 6534): HOLD t=220s state=Active conn=Connected events=29 reconnecting=1 batches=18 chats=9 dup=9 streamUpdated=3 participants=0 polls=4 pss_kb=59141
09-18 15:42:43.061 I/HEM96   ( 6534): HOLD CHAT id=af19849f-463d-4d54-9d12-1ddad4c96ad5 user=hem96-an created=2026-09-18T22:42:39Z received=2026-09-18T22:42:43.060Z dup=false text=LclientB-run6 s0 n22 2026-09-18T22:42:39
09-18 15:42:43.062 I/HEM96   ( 6534): HOLD EVENT 2026-09-18T22:42:43.061Z ChatBatchReceived(messages=1 reactions=0 ids=af19849f)
09-18 15:42:46.073 I/HEM96   ( 6534): HOLD CHAT id=af19849f-463d-4d54-9d12-1ddad4c96ad5 user=hem96-an created=2026-09-18T22:42:39Z received=2026-09-18T22:42:46.072Z dup=true text=LclientB-run6 s0 n22 2026-09-18T22:42:39
09-18 15:42:46.074 I/HEM96   ( 6534): HOLD EVENT 2026-09-18T22:42:46.074Z ChatBatchReceived(messages=1 reactions=0 ids=af19849f)
09-18 15:42:46.879 I/HEM96   ( 6534): HOLD t=230s state=Active conn=Connected events=31 reconnecting=1 batches=20 chats=10 dup=10 streamUpdated=3 participants=0 polls=4 pss_kb=59937
09-18 15:42:52.095 I/HEM96   ( 6534): HOLD CHAT id=19694c5f-d6c4-46fe-803c-2bf4d16d39a2 user=hem96-an created=2026-09-18T22:42:49Z received=2026-09-18T22:42:52.095Z dup=false text=LclientB-run6 s0 n23 2026-09-18T22:42:49
09-18 15:42:52.096 I/HEM96   ( 6534): HOLD EVENT 2026-09-18T22:42:52.096Z ChatBatchReceived(messages=1 reactions=0 ids=19694c5f)
09-18 15:42:55.106 I/HEM96   ( 6534): HOLD CHAT id=19694c5f-d6c4-46fe-803c-2bf4d16d39a2 user=hem96-an created=2026-09-18T22:42:49Z received=2026-09-18T22:42:55.105Z dup=true text=LclientB-run6 s0 n23 2026-09-18T22:42:49
09-18 15:42:55.108 I/HEM96   ( 6534): HOLD EVENT 2026-09-18T22:42:55.107Z ChatBatchReceived(messages=1 reactions=0 ids=19694c5f)
09-18 15:42:56.593 I/HEM96   ( 6534): HOLD EVENT 2026-09-18T22:42:56.593Z ParticipantsUpdated(host=a533e186 cohosts=0 guests=0 waiting=0 room=[hem96-an, fff4c1ac])
09-18 15:42:56.888 I/HEM96   ( 6534): HOLD t=240s state=Active conn=Connected events=34 reconnecting=1 batches=22 chats=11 dup=11 streamUpdated=3 participants=1 polls=4 pss_kb=61020
09-18 15:43:04.124 I/HEM96   ( 6534): HOLD CHAT id=7e009989-892d-4166-8260-f275ccf67748 user=hem96-an created=2026-09-18T22:42:59Z received=2026-09-18T22:43:04.122Z dup=false text=LclientB-run6 s0 n24 2026-09-18T22:42:59
09-18 15:43:04.125 I/HEM96   ( 6534): HOLD EVENT 2026-09-18T22:43:04.125Z ChatBatchReceived(messages=1 reactions=0 ids=7e009989)
09-18 15:43:06.901 I/HEM96   ( 6534): HOLD t=250s state=Active conn=Connected events=35 reconnecting=1 batches=23 chats=12 dup=11 streamUpdated=3 participants=1 polls=4 pss_kb=57808
09-18 15:43:13.144 I/HEM96   ( 6534): HOLD CHAT id=fc885df4-ba72-4ff5-b1bf-fb59b7a10517 user=hem96-an created=2026-09-18T22:43:09Z received=2026-09-18T22:43:13.144Z dup=false text=LclientB-run6 s0 n25 2026-09-18T22:43:09
09-18 15:43:13.145 I/HEM96   ( 6534): HOLD EVENT 2026-09-18T22:43:13.145Z ChatBatchReceived(messages=1 reactions=0 ids=fc885df4)
09-18 15:43:16.153 I/HEM96   ( 6534): HOLD CHAT id=fc885df4-ba72-4ff5-b1bf-fb59b7a10517 user=hem96-an created=2026-09-18T22:43:09Z received=2026-09-18T22:43:16.152Z dup=true text=LclientB-run6 s0 n25 2026-09-18T22:43:09
09-18 15:43:16.154 I/HEM96   ( 6534): HOLD EVENT 2026-09-18T22:43:16.153Z ChatBatchReceived(messages=1 reactions=0 ids=fc885df4)
09-18 15:43:16.911 I/HEM96   ( 6534): HOLD t=260s state=Active conn=Connected events=37 reconnecting=1 batches=25 chats=13 dup=12 streamUpdated=3 participants=1 polls=4 pss_kb=58684
09-18 15:43:22.166 I/HEM96   ( 6534): HOLD CHAT id=632c1963-00e6-469c-802d-e125b81166d5 user=hem96-an created=2026-09-18T22:43:19Z received=2026-09-18T22:43:22.166Z dup=false text=LclientB-run6 s0 n26 2026-09-18T22:43:19
09-18 15:43:22.167 I/HEM96   ( 6534): HOLD EVENT 2026-09-18T22:43:22.167Z ChatBatchReceived(messages=1 reactions=0 ids=632c1963)
09-18 15:43:25.176 I/HEM96   ( 6534): HOLD CHAT id=632c1963-00e6-469c-802d-e125b81166d5 user=hem96-an created=2026-09-18T22:43:19Z received=2026-09-18T22:43:25.175Z dup=true text=LclientB-run6 s0 n26 2026-09-18T22:43:19
09-18 15:43:25.177 I/HEM96   ( 6534): HOLD EVENT 2026-09-18T22:43:25.177Z ChatBatchReceived(messages=1 reactions=0 ids=632c1963)
09-18 15:43:26.920 I/HEM96   ( 6534): HOLD t=270s state=Active conn=Connected events=39 reconnecting=1 batches=27 chats=14 dup=13 streamUpdated=3 participants=1 polls=4 pss_kb=59548
09-18 15:43:34.195 I/HEM96   ( 6534): HOLD CHAT id=52427a73-6bb9-4f2e-b0a2-9077deeca747 user=hem96-an created=2026-09-18T22:43:30Z received=2026-09-18T22:43:34.194Z dup=false text=LclientB-run6 s0 n27 2026-09-18T22:43:30
09-18 15:43:34.196 I/HEM96   ( 6534): HOLD EVENT 2026-09-18T22:43:34.195Z ChatBatchReceived(messages=1 reactions=0 ids=52427a73)
09-18 15:43:36.929 I/HEM96   ( 6534): HOLD t=280s state=Active conn=Connected events=40 reconnecting=1 batches=28 chats=15 dup=13 streamUpdated=3 participants=1 polls=4 pss_kb=60640
09-18 15:43:37.202 I/HEM96   ( 6534): HOLD CHAT id=52427a73-6bb9-4f2e-b0a2-9077deeca747 user=hem96-an created=2026-09-18T22:43:30Z received=2026-09-18T22:43:37.202Z dup=true text=LclientB-run6 s0 n27 2026-09-18T22:43:30
09-18 15:43:37.204 I/HEM96   ( 6534): HOLD EVENT 2026-09-18T22:43:37.203Z ChatBatchReceived(messages=1 reactions=0 ids=52427a73)
09-18 15:43:43.219 I/HEM96   ( 6534): HOLD CHAT id=d4ceb1d3-3dfe-4d83-a575-c67b4e61b02a user=hem96-an created=2026-09-18T22:43:40Z received=2026-09-18T22:43:43.219Z dup=false text=LclientB-run6 s0 n28 2026-09-18T22:43:40
09-18 15:43:43.221 I/HEM96   ( 6534): HOLD EVENT 2026-09-18T22:43:43.220Z ChatBatchReceived(messages=1 reactions=0 ids=d4ceb1d3)
09-18 15:43:46.226 I/HEM96   ( 6534): HOLD CHAT id=d4ceb1d3-3dfe-4d83-a575-c67b4e61b02a user=hem96-an created=2026-09-18T22:43:40Z received=2026-09-18T22:43:46.225Z dup=true text=LclientB-run6 s0 n28 2026-09-18T22:43:40
09-18 15:43:46.227 I/HEM96   ( 6534): HOLD EVENT 2026-09-18T22:43:46.226Z ChatBatchReceived(messages=1 reactions=0 ids=d4ceb1d3)
09-18 15:43:46.941 I/HEM96   ( 6534): HOLD t=290s state=Active conn=Connected events=43 reconnecting=1 batches=31 chats=16 dup=15 streamUpdated=3 participants=1 polls=4 pss_kb=61536
09-18 15:43:52.239 I/HEM96   ( 6534): HOLD CHAT id=e4366bc9-126a-4bc7-b1aa-f5e0ec4066ed user=hem96-an created=2026-09-18T22:43:50Z received=2026-09-18T22:43:52.238Z dup=false text=LclientB-run6 s0 n29 2026-09-18T22:43:50
09-18 15:43:52.240 I/HEM96   ( 6534): HOLD EVENT 2026-09-18T22:43:52.239Z ChatBatchReceived(messages=1 reactions=0 ids=e4366bc9)
09-18 15:43:55.246 I/HEM96   ( 6534): HOLD CHAT id=e4366bc9-126a-4bc7-b1aa-f5e0ec4066ed user=hem96-an created=2026-09-18T22:43:50Z received=2026-09-18T22:43:55.245Z dup=true text=LclientB-run6 s0 n29 2026-09-18T22:43:50
09-18 15:43:55.247 I/HEM96   ( 6534): HOLD EVENT 2026-09-18T22:43:55.246Z ChatBatchReceived(messages=1 reactions=0 ids=e4366bc9)
09-18 15:43:56.951 I/HEM96   ( 6534): HOLD t=300s state=Active conn=Connected events=45 reconnecting=1 batches=33 chats=17 dup=16 streamUpdated=3 participants=1 polls=4 pss_kb=58340
09-18 15:44:06.961 I/HEM96   ( 6534): HOLD t=310s state=Active conn=Connected events=45 reconnecting=1 batches=33 chats=17 dup=16 streamUpdated=3 participants=1 polls=4 pss_kb=59372
09-18 15:44:16.975 I/HEM96   ( 6534): HOLD t=320s state=Active conn=Connected events=45 reconnecting=1 batches=33 chats=17 dup=16 streamUpdated=3 participants=1 polls=4 pss_kb=60180
09-18 15:44:26.984 I/HEM96   ( 6534): HOLD t=330s state=Active conn=Connected events=45 reconnecting=1 batches=33 chats=17 dup=16 streamUpdated=3 participants=1 polls=4 pss_kb=60992
09-18 15:44:26.985 I/HEM96   ( 6534): ROW HOLD PASS seconds=330 finalState=Active everDisconnected=false reconnectingEvents=1 chats=17 dup=16 sent=0 events=45
09-18 15:44:26.986 I/HEM96   ( 6534): HOLD EVENT 2026-09-18T22:44:26.986Z StateChanged(Stopping)
09-18 15:44:27.037 I/HEM96   ( 6534): HOLD EVENT 2026-09-18T22:44:27.036Z ConnectionChanged(Disconnected)
09-18 15:44:27.038 I/HEM96   ( 6534): HOLD EVENT 2026-09-18T22:44:27.038Z StateChanged(Stopped)
09-18 15:44:27.038 I/HEM96   ( 6534): AUTORUN COMPLETE
