--------- beginning of main
09-18 15:44:32.273 I/HEM96   ( 6948): AUTORUN start rows=HOLD
09-18 15:44:32.282 I/HEM96   ( 6948): ROW HOLD begin
09-18 15:44:34.370 I/HEM96   ( 6948): HOLD start_ms=2068 state=Active stream=LIVE user=BR Staging Test chats=20 polls=7 room=2
09-18 15:44:34.372 I/HEM96   ( 6948): HOLD EVENT 2026-09-18T22:44:34.371Z StateChanged(Active)
09-18 15:44:34.372 I/HEM96   ( 6948): HOLD EVENT 2026-09-18T22:44:34.372Z ConnectionChanged(Connected)
09-18 15:44:37.771 I/HEM96   ( 6948): HOLD EVENT 2026-09-18T22:44:37.770Z StreamUpdated(state=LIVE viewers=2)
09-18 15:44:37.773 I/HEM96   ( 6948): HOLD EVENT 2026-09-18T22:44:37.772Z PollUpdated(248f3162 closed=true responses=1 my=99fb675f)
09-18 15:44:37.774 I/HEM96   ( 6948): HOLD EVENT 2026-09-18T22:44:37.774Z PollUpdated(5d98220b closed=false responses=1 my=aa69e2fe)
09-18 15:44:37.776 I/HEM96   ( 6948): HOLD EVENT 2026-09-18T22:44:37.775Z PollUpdated(7e9b3c6d closed=false responses=1 my=53a2ea31)
09-18 15:44:37.777 I/HEM96   ( 6948): HOLD EVENT 2026-09-18T22:44:37.776Z PollUpdated(a3c5650a closed=false responses=1 my=564354fa)
09-18 15:44:44.382 I/HEM96   ( 6948): HOLD t=10s state=Active conn=Connected events=7 reconnecting=0 batches=0 chats=0 dup=0 streamUpdated=1 participants=0 polls=4 pss_kb=58534
09-18 15:44:50.276 I/HEM96   ( 6948): HOLD CHAT id=11b255f2-1865-4467-af38-687ad9416ddd user=hem96-an created=2026-09-18T22:44:47Z received=2026-09-18T22:44:50.275Z dup=false text=LclientB-run7 s0 n1 2026-09-18T22:44:47.
09-18 15:44:50.277 I/HEM96   ( 6948): HOLD EVENT 2026-09-18T22:44:50.277Z ChatBatchReceived(messages=1 reactions=0 ids=11b255f2)
09-18 15:44:54.395 I/HEM96   ( 6948): HOLD t=20s state=Active conn=Connected events=8 reconnecting=0 batches=1 chats=1 dup=0 streamUpdated=1 participants=0 polls=4 pss_kb=59248
09-18 15:44:59.299 I/HEM96   ( 6948): HOLD CHAT id=5ef7a5cf-a7ae-4c36-9e56-af688e0f96e7 user=hem96-an created=2026-09-18T22:44:58Z received=2026-09-18T22:44:59.299Z dup=false text=LclientB-run7 s0 n2 2026-09-18T22:44:58.
09-18 15:44:59.301 I/HEM96   ( 6948): HOLD EVENT 2026-09-18T22:44:59.300Z ChatBatchReceived(messages=1 reactions=0 ids=5ef7a5cf)
09-18 15:45:02.306 I/HEM96   ( 6948): HOLD CHAT id=5ef7a5cf-a7ae-4c36-9e56-af688e0f96e7 user=hem96-an created=2026-09-18T22:44:58Z received=2026-09-18T22:45:02.305Z dup=true text=LclientB-run7 s0 n2 2026-09-18T22:44:58.
09-18 15:45:02.307 I/HEM96   ( 6948): HOLD EVENT 2026-09-18T22:45:02.306Z ChatBatchReceived(messages=1 reactions=0 ids=5ef7a5cf)
09-18 15:45:04.407 I/HEM96   ( 6948): HOLD t=30s state=Active conn=Connected events=10 reconnecting=0 batches=3 chats=2 dup=1 streamUpdated=1 participants=0 polls=4 pss_kb=60128
09-18 15:45:11.327 I/HEM96   ( 6948): HOLD CHAT id=39843a70-a1a8-4a0d-bf87-e526481f8e56 user=hem96-an created=2026-09-18T22:45:08Z received=2026-09-18T22:45:11.326Z dup=false text=LclientB-run7 s0 n3 2026-09-18T22:45:08.
09-18 15:45:11.329 I/HEM96   ( 6948): HOLD EVENT 2026-09-18T22:45:11.328Z ChatBatchReceived(messages=1 reactions=0 ids=39843a70)
09-18 15:45:13.403 I/HEM96   ( 6948): HOLD EVENT 2026-09-18T22:45:13.402Z ConnectionChanged(Reconnecting(1))
09-18 15:45:14.415 I/HEM96   ( 6948): HOLD t=40s state=Active conn=Reconnecting(1) events=12 reconnecting=1 batches=4 chats=3 dup=1 streamUpdated=1 participants=0 polls=4 pss_kb=60854
09-18 15:45:16.406 I/HEM96   ( 6948): HOLD EVENT 2026-09-18T22:45:16.405Z ConnectionChanged(Reconnecting(2))
09-18 15:45:19.409 I/HEM96   ( 6948): HOLD EVENT 2026-09-18T22:45:19.408Z ConnectionChanged(Reconnecting(3))
09-18 15:45:22.411 I/HEM96   ( 6948): HOLD EVENT 2026-09-18T22:45:22.409Z ConnectionChanged(Reconnecting(4))
09-18 15:45:24.426 I/HEM96   ( 6948): HOLD t=50s state=Active conn=Reconnecting(4) events=15 reconnecting=4 batches=4 chats=3 dup=1 streamUpdated=1 participants=0 polls=4 pss_kb=61041
09-18 15:45:25.411 I/HEM96   ( 6948): HOLD EVENT 2026-09-18T22:45:25.410Z ConnectionChanged(Reconnecting(5))
09-18 15:45:28.428 I/HEM96   ( 6948): HOLD EVENT 2026-09-18T22:45:28.426Z ConnectionChanged(Reconnecting(6))
09-18 15:45:31.438 I/HEM96   ( 6948): HOLD EVENT 2026-09-18T22:45:31.436Z ConnectionChanged(Reconnecting(7))
09-18 15:45:34.436 I/HEM96   ( 6948): HOLD t=60s state=Active conn=Reconnecting(7) events=18 reconnecting=7 batches=4 chats=3 dup=1 streamUpdated=1 participants=0 polls=4 pss_kb=60925
09-18 15:45:34.438 I/HEM96   ( 6948): HOLD EVENT 2026-09-18T22:45:34.437Z ConnectionChanged(Reconnecting(8))
09-18 15:45:37.430 I/HEM96   ( 6948): HOLD EVENT 2026-09-18T22:45:37.429Z ConnectionChanged(Reconnecting(9))
09-18 15:45:40.433 I/HEM96   ( 6948): HOLD EVENT 2026-09-18T22:45:40.432Z ConnectionChanged(Reconnecting(10))
09-18 15:45:43.439 I/HEM96   ( 6948): HOLD EVENT 2026-09-18T22:45:43.438Z ConnectionChanged(Reconnecting(11))
09-18 15:45:44.443 I/HEM96   ( 6948): HOLD t=70s state=Active conn=Reconnecting(11) events=22 reconnecting=11 batches=4 chats=3 dup=1 streamUpdated=1 participants=0 polls=4 pss_kb=61089
09-18 15:45:46.438 I/HEM96   ( 6948): HOLD EVENT 2026-09-18T22:45:46.438Z ConnectionChanged(Reconnecting(12))
09-18 15:45:49.442 I/HEM96   ( 6948): HOLD EVENT 2026-09-18T22:45:49.442Z ConnectionChanged(Reconnecting(13))
09-18 15:45:52.447 I/HEM96   ( 6948): HOLD EVENT 2026-09-18T22:45:52.447Z ConnectionChanged(Reconnecting(14))
09-18 15:45:54.456 I/HEM96   ( 6948): HOLD t=80s state=Active conn=Reconnecting(14) events=25 reconnecting=14 batches=4 chats=3 dup=1 streamUpdated=1 participants=0 polls=4 pss_kb=60024
09-18 15:45:55.451 I/HEM96   ( 6948): HOLD EVENT 2026-09-18T22:45:55.451Z ConnectionChanged(Reconnecting(15))
09-18 15:45:58.454 I/HEM96   ( 6948): HOLD EVENT 2026-09-18T22:45:58.453Z ConnectionChanged(Reconnecting(16))
09-18 15:46:01.458 I/HEM96   ( 6948): HOLD EVENT 2026-09-18T22:46:01.457Z ConnectionChanged(Reconnecting(17))
09-18 15:46:04.466 I/HEM96   ( 6948): HOLD t=90s state=Active conn=Reconnecting(17) events=28 reconnecting=17 batches=4 chats=3 dup=1 streamUpdated=1 participants=0 polls=4 pss_kb=60172
09-18 15:46:04.467 I/HEM96   ( 6948): HOLD EVENT 2026-09-18T22:46:04.466Z ConnectionChanged(Reconnecting(18))
09-18 15:46:07.464 I/HEM96   ( 6948): HOLD EVENT 2026-09-18T22:46:07.463Z ConnectionChanged(Reconnecting(19))
09-18 15:46:10.467 I/HEM96   ( 6948): HOLD EVENT 2026-09-18T22:46:10.466Z ConnectionChanged(Reconnecting(20))
09-18 15:46:13.583 I/HEM96   ( 6948): HOLD EVENT 2026-09-18T22:46:13.583Z ConnectionChanged(Connected)
09-18 15:46:14.476 I/HEM96   ( 6948): HOLD t=100s state=Active conn=Connected events=32 reconnecting=20 batches=4 chats=3 dup=1 streamUpdated=1 participants=0 polls=4 pss_kb=60158
09-18 15:46:20.498 I/HEM96   ( 6948): HOLD CHAT id=dc723a78-40b0-4b0b-920b-c8651688b3b7 user=hem96-an created=2026-09-18T22:46:18Z received=2026-09-18T22:46:20.497Z dup=false text=LclientB-run7 s0 n10 2026-09-18T22:46:18
09-18 15:46:20.499 I/HEM96   ( 6948): HOLD EVENT 2026-09-18T22:46:20.499Z ChatBatchReceived(messages=1 reactions=0 ids=dc723a78)
09-18 15:46:23.506 I/HEM96   ( 6948): HOLD CHAT id=dc723a78-40b0-4b0b-920b-c8651688b3b7 user=hem96-an created=2026-09-18T22:46:18Z received=2026-09-18T22:46:23.506Z dup=true text=LclientB-run7 s0 n10 2026-09-18T22:46:18
09-18 15:46:23.507 I/HEM96   ( 6948): HOLD EVENT 2026-09-18T22:46:23.507Z ChatBatchReceived(messages=1 reactions=0 ids=dc723a78)
09-18 15:46:24.487 I/HEM96   ( 6948): HOLD t=110s state=Active conn=Connected events=34 reconnecting=20 batches=6 chats=4 dup=2 streamUpdated=1 participants=0 polls=4 pss_kb=56993
09-18 15:46:32.522 I/HEM96   ( 6948): HOLD CHAT id=7c4deaa6-3c79-45a6-88a8-0c953b30449e user=hem96-an created=2026-09-18T22:46:28Z received=2026-09-18T22:46:32.522Z dup=false text=LclientB-run7 s0 n11 2026-09-18T22:46:28
09-18 15:46:32.523 I/HEM96   ( 6948): HOLD EVENT 2026-09-18T22:46:32.523Z ChatBatchReceived(messages=1 reactions=0 ids=7c4deaa6)
09-18 15:46:34.308 I/HEM96   ( 6948): HOLD EVENT 2026-09-18T22:46:34.307Z ParticipantsUpdated(host=a533e186 cohosts=0 guests=0 waiting=0 room=[hem96-an])
09-18 15:46:34.496 I/HEM96   ( 6948): HOLD t=120s state=Active conn=Connected events=36 reconnecting=20 batches=7 chats=5 dup=2 streamUpdated=1 participants=1 polls=4 pss_kb=57972
09-18 15:46:37.894 I/HEM96   ( 6948): HOLD EVENT 2026-09-18T22:46:37.893Z StreamUpdated(state=LIVE viewers=1)
09-18 15:46:41.537 I/HEM96   ( 6948): HOLD CHAT id=35b43698-6764-40f5-bcf1-c161d2364227 user=hem96-an created=2026-09-18T22:46:38Z received=2026-09-18T22:46:41.537Z dup=false text=LclientB-run7 s0 n12 2026-09-18T22:46:38
09-18 15:46:41.539 I/HEM96   ( 6948): HOLD EVENT 2026-09-18T22:46:41.538Z ChatBatchReceived(messages=1 reactions=0 ids=35b43698)
09-18 15:46:44.504 I/HEM96   ( 6948): HOLD t=130s state=Active conn=Connected events=38 reconnecting=20 batches=8 chats=6 dup=2 streamUpdated=2 participants=1 polls=4 pss_kb=59176
09-18 15:46:51.377 I/HEM96   ( 6948): HOLD EVENT 2026-09-18T22:46:51.376Z StreamUpdated(state=LIVE viewers=2)
09-18 15:46:51.554 I/HEM96   ( 6948): HOLD CHAT id=3ad6c790-e21a-4ead-8691-e93fc2b27736 user=hem96-an created=2026-09-18T22:46:48Z received=2026-09-18T22:46:51.554Z dup=false text=LclientB-run7 s0 n13 2026-09-18T22:46:48
09-18 15:46:51.555 I/HEM96   ( 6948): HOLD EVENT 2026-09-18T22:46:51.555Z ChatBatchReceived(messages=1 reactions=0 ids=3ad6c790)
09-18 15:46:53.561 I/HEM96   ( 6948): HOLD CHAT id=3ad6c790-e21a-4ead-8691-e93fc2b27736 user=hem96-an created=2026-09-18T22:46:48Z received=2026-09-18T22:46:53.560Z dup=true text=LclientB-run7 s0 n13 2026-09-18T22:46:48
09-18 15:46:53.563 I/HEM96   ( 6948): HOLD EVENT 2026-09-18T22:46:53.562Z ChatBatchReceived(messages=1 reactions=0 ids=3ad6c790)
09-18 15:46:54.517 I/HEM96   ( 6948): HOLD t=140s state=Active conn=Connected events=41 reconnecting=20 batches=10 chats=7 dup=3 streamUpdated=3 participants=1 polls=4 pss_kb=60247
09-18 15:47:02.576 I/HEM96   ( 6948): HOLD CHAT id=e5d183d1-20e2-4473-8ef7-86bc5d6ce7ec user=hem96-an created=2026-09-18T22:46:59Z received=2026-09-18T22:47:02.575Z dup=false text=LclientB-run7 s0 n14 2026-09-18T22:46:58
09-18 15:47:02.578 I/HEM96   ( 6948): HOLD EVENT 2026-09-18T22:47:02.577Z ChatBatchReceived(messages=1 reactions=0 ids=e5d183d1)
09-18 15:47:04.527 I/HEM96   ( 6948): HOLD t=150s state=Active conn=Connected events=42 reconnecting=20 batches=11 chats=8 dup=3 streamUpdated=3 participants=1 polls=4 pss_kb=61743
09-18 15:47:10.592 I/HEM96   ( 6948): HOLD CHAT id=2d4e6ff7-46cb-43d1-aca3-d65b8d9aa8dd user=hem96-an created=2026-09-18T22:47:09Z received=2026-09-18T22:47:10.592Z dup=false text=LclientB-run7 s0 n15 2026-09-18T22:47:09
09-18 15:47:10.593 I/HEM96   ( 6948): HOLD EVENT 2026-09-18T22:47:10.593Z ChatBatchReceived(messages=1 reactions=0 ids=2d4e6ff7)
09-18 15:47:14.561 I/HEM96   ( 6948): HOLD t=160s state=Active conn=Connected events=43 reconnecting=20 batches=12 chats=9 dup=3 streamUpdated=3 participants=1 polls=4 pss_kb=58635
09-18 15:47:14.600 I/HEM96   ( 6948): HOLD CHAT id=2d4e6ff7-46cb-43d1-aca3-d65b8d9aa8dd user=hem96-an created=2026-09-18T22:47:09Z received=2026-09-18T22:47:14.599Z dup=true text=LclientB-run7 s0 n15 2026-09-18T22:47:09
09-18 15:47:14.605 I/HEM96   ( 6948): HOLD EVENT 2026-09-18T22:47:14.601Z ChatBatchReceived(messages=1 reactions=0 ids=2d4e6ff7)
09-18 15:47:24.584 I/HEM96   ( 6948): HOLD t=170s state=Active conn=Connected events=44 reconnecting=20 batches=13 chats=9 dup=4 streamUpdated=3 participants=1 polls=4 pss_kb=59474
09-18 15:47:34.621 I/HEM96   ( 6948): HOLD t=180s state=Active conn=Connected events=44 reconnecting=20 batches=13 chats=9 dup=4 streamUpdated=3 participants=1 polls=4 pss_kb=60206
09-18 15:47:34.625 I/HEM96   ( 6948): ROW HOLD PASS seconds=180 finalState=Active everDisconnected=false reconnectingEvents=20 chats=9 dup=4 sent=0 events=44
09-18 15:47:34.635 I/HEM96   ( 6948): HOLD EVENT 2026-09-18T22:47:34.629Z StateChanged(Stopping)
09-18 15:47:34.722 I/HEM96   ( 6948): HOLD EVENT 2026-09-18T22:47:34.720Z ConnectionChanged(Disconnected)
09-18 15:47:34.724 I/HEM96   ( 6948): HOLD EVENT 2026-09-18T22:47:34.723Z StateChanged(Stopped)
09-18 15:47:34.726 I/HEM96   ( 6948): AUTORUN COMPLETE
