--------- beginning of main
09-18 15:47:40.471 I/HEM96   ( 7828): AUTORUN start rows=N15MID
09-18 15:47:40.484 I/HEM96   ( 7828): ROW N15MID begin
09-18 15:47:42.050 I/HEM96   ( 7828): N15MID start_ms=1540 state=Active stream=LIVE user=HEM96_short chats=20 polls=7 room=2
09-18 15:47:42.052 I/HEM96   ( 7828): N15MID EVENT 2026-09-18T22:47:42.051Z StateChanged(Active)
09-18 15:47:42.054 I/HEM96   ( 7828): N15MID EVENT 2026-09-18T22:47:42.053Z ConnectionChanged(Connected)
09-18 15:47:45.456 I/HEM96   ( 7828): N15MID EVENT 2026-09-18T22:47:45.456Z StreamUpdated(state=LIVE viewers=2)
09-18 15:47:45.458 I/HEM96   ( 7828): N15MID EVENT 2026-09-18T22:47:45.457Z PollUpdated(248f3162 closed=true responses=1 my=null)
09-18 15:47:45.459 I/HEM96   ( 7828): N15MID EVENT 2026-09-18T22:47:45.459Z PollUpdated(5d98220b closed=false responses=1 my=null)
09-18 15:47:45.460 I/HEM96   ( 7828): N15MID EVENT 2026-09-18T22:47:45.459Z PollUpdated(7e9b3c6d closed=false responses=1 my=null)
09-18 15:47:45.461 I/HEM96   ( 7828): N15MID EVENT 2026-09-18T22:47:45.460Z PollUpdated(a3c5650a closed=false responses=1 my=null)
09-18 15:47:57.473 I/HEM96   ( 7828): N15MID EVENT 2026-09-18T22:47:57.472Z StreamUpdated(state=LIVE viewers=3)
09-18 15:48:12.053 I/HEM96   ( 7828): N15MID t=30s state=Active connectionEvents=1 reconnecting=0
09-18 15:48:42.054 I/HEM96   ( 7828): N15MID t=60s state=Active connectionEvents=1 reconnecting=0
09-18 15:48:45.528 I/HEM96   ( 7828): N15MID EVENT 2026-09-18T22:48:45.527Z StreamUpdated(state=LIVE viewers=2)
09-18 15:49:12.058 I/HEM96   ( 7828): N15MID t=90s state=Active connectionEvents=1 reconnecting=0
09-18 15:49:42.026 I/HEM96   ( 7828): N15MID EVENT 2026-09-18T22:49:42.025Z ParticipantsUpdated(host=a533e186 cohosts=0 guests=0 waiting=0 room=[hem96-an])
09-18 15:49:42.060 I/HEM96   ( 7828): N15MID t=120s state=Active connectionEvents=1 reconnecting=0
09-18 15:49:45.576 I/HEM96   ( 7828): N15MID EVENT 2026-09-18T22:49:45.576Z StreamUpdated(state=LIVE viewers=1)
09-18 15:50:12.064 I/HEM96   ( 7828): N15MID t=150s state=Active connectionEvents=1 reconnecting=0
09-18 15:50:12.114 I/HEM96   ( 7828): N15MID chat at t=150s → Unauthorized
09-18 15:50:42.116 I/HEM96   ( 7828): N15MID t=180s state=Active connectionEvents=1 reconnecting=0
09-18 15:50:45.641 I/HEM96   ( 7828): N15MID EVENT 2026-09-18T22:50:45.640Z StreamUpdated(state=LIVE viewers=0)
09-18 15:51:12.118 I/HEM96   ( 7828): N15MID t=210s state=Active connectionEvents=1 reconnecting=0
09-18 15:51:12.121 I/HEM96   ( 7828): ROW N15MID INFO final state=Active events=[StateChanged(Active), ConnectionChanged(Connected), StreamUpdated(state=LIVE viewers=2), StreamUpdated(state=LIVE viewers=3), StreamUpdated(state=LIVE viewers=2), ParticipantsUpdated(host=a533e186 cohosts=0 guests=0 waiting=0 room=[hem96-an]), StreamUpdated(state=LIVE viewers=1), StreamUpdated(state=LIVE viewers=0)]
09-18 15:51:12.123 I/HEM96   ( 7828): N15MID EVENT 2026-09-18T22:51:12.122Z StateChanged(Stopping)
09-18 15:51:12.179 I/HEM96   ( 7828): N15MID EVENT 2026-09-18T22:51:12.179Z ConnectionChanged(Disconnected)
09-18 15:51:12.181 I/HEM96   ( 7828): N15MID EVENT 2026-09-18T22:51:12.180Z StateChanged(Stopped)
09-18 15:51:12.181 I/HEM96   ( 7828): AUTORUN COMPLETE
