--------- beginning of main
09-18 15:51:12.757 I/HEM96   ( 8035): AUTORUN start rows=N16,N19
09-18 15:51:12.766 I/HEM96   ( 8035): ROW N16 begin
09-18 15:51:14.009 I/HEM96   ( 8035): N16-old start_ms=1226 state=Active stream=LIVE user=BR Staging Test chats=20 polls=7 room=0
09-18 15:51:14.011 I/HEM96   ( 8035): N16-old EVENT 2026-09-18T22:51:14.011Z StateChanged(Active)
09-18 15:51:14.012 I/HEM96   ( 8035): N16-old EVENT 2026-09-18T22:51:14.012Z ConnectionChanged(Connected)
09-18 15:51:17.013 I/HEM96   ( 8035): N16-old EVENT 2026-09-18T22:51:17.012Z StateChanged(Stopping)
09-18 15:51:17.061 I/HEM96   ( 8035): N16-old EVENT 2026-09-18T22:51:17.061Z ConnectionChanged(Disconnected)
09-18 15:51:17.062 I/HEM96   ( 8035): N16-old EVENT 2026-09-18T22:51:17.062Z StateChanged(Stopped)
09-18 15:51:17.063 I/HEM96   ( 8035): N16 old session stopped state=Stopped
09-18 15:51:17.065 I/HEM96   ( 8035): N16-new EVENT 2026-09-18T22:51:17.064Z StateChanged(Starting)
09-18 15:51:18.158 I/HEM96   ( 8035): N16-new start_ms=1094 state=Active stream=LIVE user=HEM96_Android rotated chats=20 polls=7 room=0
09-18 15:51:18.176 I/HEM96   ( 8035): N16-new EVENT 2026-09-18T22:51:18.175Z StateChanged(Active)
09-18 15:51:18.177 I/HEM96   ( 8035): N16-new EVENT 2026-09-18T22:51:18.176Z ConnectionChanged(Connected)
09-18 15:51:18.350 I/HEM96   ( 8035): ROW N16 PASS newUser=HEM96_Android rotated chat=2a9fcd37 oldClientFetchStreams=1
09-18 15:51:18.352 I/HEM96   ( 8035): N16-new EVENT 2026-09-18T22:51:18.351Z StateChanged(Stopping)
09-18 15:51:18.400 I/HEM96   ( 8035): N16-new EVENT 2026-09-18T22:51:18.399Z ConnectionChanged(Disconnected)
09-18 15:51:18.401 I/HEM96   ( 8035): N16-new EVENT 2026-09-18T22:51:18.400Z StateChanged(Stopped)
09-18 15:51:18.402 I/HEM96   ( 8035): ROW N19 begin
09-18 15:51:18.914 I/HEM96   ( 8035): N19 before pss_kb=61497 javaHeap_kb=8752 native_kb=18331 threads=27
09-18 15:51:26.136 I/HEM96   ( 8035): N19 cycle=1 pss_kb=59713 javaHeap_kb=5050 native_kb=18032 threads=31
09-18 15:51:32.324 I/HEM96   ( 8035): N19 cycle=2 pss_kb=60209 javaHeap_kb=5658 native_kb=18067 threads=31
09-18 15:51:38.505 I/HEM96   ( 8035): N19 cycle=3 pss_kb=60856 javaHeap_kb=6266 native_kb=18103 threads=31
09-18 15:51:44.688 I/HEM96   ( 8035): N19 cycle=4 pss_kb=61436 javaHeap_kb=6842 native_kb=18139 threads=31
09-18 15:51:50.890 I/HEM96   ( 8035): N19 cycle=5 pss_kb=60858 javaHeap_kb=7450 native_kb=18175 threads=31
09-18 15:51:57.071 I/HEM96   ( 8035): N19 cycle=6 pss_kb=61466 javaHeap_kb=8074 native_kb=18211 threads=31
09-18 15:52:03.263 I/HEM96   ( 8035): N19 cycle=7 pss_kb=61257 javaHeap_kb=8682 native_kb=18243 threads=31
09-18 15:52:09.442 I/HEM96   ( 8035): N19 cycle=8 pss_kb=58109 javaHeap_kb=5233 native_kb=18040 threads=31
09-18 15:52:15.613 I/HEM96   ( 8035): N19 cycle=9 pss_kb=58505 javaHeap_kb=5841 native_kb=18059 threads=29
09-18 15:52:21.801 I/HEM96   ( 8035): N19 cycle=10 pss_kb=59717 javaHeap_kb=6449 native_kb=18045 threads=23
09-18 15:52:27.814 I/HEM96   ( 8035): N19 after pss_kb=59721 javaHeap_kb=6465 native_kb=18051 threads=23
09-18 15:52:27.815 I/HEM96   ( 8035): ROW N19 INFO compare cycle 2..10 growth; dumpsys meminfo captured from the host
09-18 15:52:27.815 I/HEM96   ( 8035): AUTORUN COMPLETE
